Component: ARM Compiler 6.16 Tool: armlink [5dfeaa00]

==============================================================================

Section Cross References

    system_stm32f4xx.o(.ARM.exidx.text.SystemInit) refers to system_stm32f4xx.o(.text.SystemInit) for [Anonymous Symbol]
    system_stm32f4xx.o(.text.SystemCoreClockUpdate) refers to system_stm32f4xx.o(.data.SystemCoreClock) for SystemCoreClock
    system_stm32f4xx.o(.text.SystemCoreClockUpdate) refers to system_stm32f4xx.o(.rodata.AHBPrescTable) for AHBPrescTable
    system_stm32f4xx.o(.ARM.exidx.text.SystemCoreClockUpdate) refers to system_stm32f4xx.o(.text.SystemCoreClockUpdate) for [Anonymous Symbol]
    startup_stm32f4xx.o(RESET) refers to startup_stm32f4xx.o(STACK) for __initial_sp
    startup_stm32f4xx.o(RESET) refers to startup_stm32f4xx.o(.text) for Reset_Handler
    startup_stm32f4xx.o(RESET) refers to main.o(.text.SysTick_Handler) for SysTick_Handler
    startup_stm32f4xx.o(RESET) refers to main.o(.text.EXTI15_10_IRQHandler) for EXTI15_10_IRQHandler
    startup_stm32f4xx.o(.text) refers to system_stm32f4xx.o(.text.SystemInit) for SystemInit
    startup_stm32f4xx.o(.text) refers to entry.o(.ARM.Collect$$$$00000000) for __main
    tftpserver.o(.text.IAP_tftpd_init) refers to udp.o(.text.udp_new) for udp_new
    tftpserver.o(.text.IAP_tftpd_init) refers to udp.o(.text.udp_bind) for udp_bind
    tftpserver.o(.text.IAP_tftpd_init) refers to udp.o(.text.udp_recv) for udp_recv
    tftpserver.o(.text.IAP_tftpd_init) refers to tftpserver.o(.bss.UDPpcb) for [Anonymous Symbol]
    tftpserver.o(.text.IAP_tftpd_init) refers to ip_addr.o(.rodata.ip_addr_any) for ip_addr_any
    tftpserver.o(.text.IAP_tftpd_init) refers to tftpserver.o(.text.IAP_tftp_recv_callback) for IAP_tftp_recv_callback
    tftpserver.o(.ARM.exidx.text.IAP_tftpd_init) refers to tftpserver.o(.text.IAP_tftpd_init) for [Anonymous Symbol]
    tftpserver.o(.text.IAP_tftp_recv_callback) refers to udp.o(.text.udp_new) for udp_new
    tftpserver.o(.text.IAP_tftp_recv_callback) refers to udp.o(.text.udp_bind) for udp_bind
    tftpserver.o(.text.IAP_tftp_recv_callback) refers to mem.o(.text.mem_malloc) for mem_malloc
    tftpserver.o(.text.IAP_tftp_recv_callback) refers to udp.o(.text.udp_recv) for udp_recv
    tftpserver.o(.text.IAP_tftp_recv_callback) refers to flash_if.o(.text.FLASH_If_Init) for FLASH_If_Init
    tftpserver.o(.text.IAP_tftp_recv_callback) refers to flash_if.o(.text.FLASH_If_Erase) for FLASH_If_Erase
    tftpserver.o(.text.IAP_tftp_recv_callback) refers to tftpserver.o(.text.IAP_tftp_send_ack_packet) for IAP_tftp_send_ack_packet
    tftpserver.o(.text.IAP_tftp_recv_callback) refers to udp.o(.text.udp_remove) for udp_remove
    tftpserver.o(.text.IAP_tftp_recv_callback) refers to tftpserver.o(.text.IAP_tftp_cleanup_wr) for IAP_tftp_cleanup_wr
    tftpserver.o(.text.IAP_tftp_recv_callback) refers to pbuf.o(.text.pbuf_free) for pbuf_free
    tftpserver.o(.text.IAP_tftp_recv_callback) refers to ip_addr.o(.rodata.ip_addr_any) for ip_addr_any
    tftpserver.o(.text.IAP_tftp_recv_callback) refers to tftpserver.o(.text.IAP_wrq_recv_callback) for IAP_wrq_recv_callback
    tftpserver.o(.text.IAP_tftp_recv_callback) refers to tftpserver.o(.bss..L_MergedGlobals) for [Anonymous Symbol]
    tftpserver.o(.ARM.exidx.text.IAP_tftp_recv_callback) refers to tftpserver.o(.text.IAP_tftp_recv_callback) for [Anonymous Symbol]
    tftpserver.o(.text.IAP_tftp_cleanup_wr) refers to mem.o(.text.mem_free) for mem_free
    tftpserver.o(.text.IAP_tftp_cleanup_wr) refers to udp.o(.text.udp_disconnect) for udp_disconnect
    tftpserver.o(.text.IAP_tftp_cleanup_wr) refers to udp.o(.text.udp_remove) for udp_remove
    tftpserver.o(.text.IAP_tftp_cleanup_wr) refers to udp.o(.text.udp_recv) for udp_recv
    tftpserver.o(.text.IAP_tftp_cleanup_wr) refers to tftpserver.o(.bss.UDPpcb) for [Anonymous Symbol]
    tftpserver.o(.text.IAP_tftp_cleanup_wr) refers to tftpserver.o(.text.IAP_tftp_recv_callback) for IAP_tftp_recv_callback
    tftpserver.o(.ARM.exidx.text.IAP_tftp_cleanup_wr) refers to tftpserver.o(.text.IAP_tftp_cleanup_wr) for [Anonymous Symbol]
    tftpserver.o(.text.IAP_wrq_recv_callback) refers to tftpserver.o(.text.IAP_tftp_extract_block) for IAP_tftp_extract_block
    tftpserver.o(.text.IAP_wrq_recv_callback) refers to pbuf.o(.text.pbuf_copy_partial) for pbuf_copy_partial
    tftpserver.o(.text.IAP_wrq_recv_callback) refers to flash_if.o(.text.FLASH_If_Write) for FLASH_If_Write
    tftpserver.o(.text.IAP_wrq_recv_callback) refers to tftpserver.o(.text.IAP_tftp_send_ack_packet) for IAP_tftp_send_ack_packet
    tftpserver.o(.text.IAP_wrq_recv_callback) refers to tftpserver.o(.text.IAP_tftp_cleanup_wr) for IAP_tftp_cleanup_wr
    tftpserver.o(.text.IAP_wrq_recv_callback) refers to pbuf.o(.text.pbuf_free) for pbuf_free
    tftpserver.o(.text.IAP_wrq_recv_callback) refers to tftpserver.o(.bss..L_MergedGlobals) for [Anonymous Symbol]
[...]
    [Anonymous Symbol]                       0x080058bc   Section        0  tcp.o(.text.tcp_sent)
    [Anonymous Symbol]                       0x080058c4   Section        0  tcp.o(.text.tcp_slowtmr)
    __arm_cp.2_0                             0x08005b30   Number         4  tcp.o(.text.tcp_slowtmr)
    __arm_cp.2_1                             0x08005b34   Number         4  tcp.o(.text.tcp_slowtmr)
    __arm_cp.2_2                             0x08005b38   Number         4  tcp.o(.text.tcp_slowtmr)
    __arm_cp.2_3                             0x08005b3c   Number         4  tcp.o(.text.tcp_slowtmr)
    [Anonymous Symbol]                       0x08005b40   Section        0  tcp.o(.text.tcp_tmr)
    __arm_cp.0_0                             0x08005b5c   Number         4  tcp.o(.text.tcp_tmr)
    [Anonymous Symbol]                       0x08005b60   Section        0  tcp.o(.text.tcp_update_rcv_ann_wnd)
    [Anonymous Symbol]                       0x08005b94   Section        0  tcp_out.o(.text.tcp_write)
    [Anonymous Symbol]                       0x08005bbe   Section        0  tcp_out.o(.text.tcp_zero_window_probe)
    [Anonymous Symbol]                       0x08005c4c   Section        0  udp.o(.text.udp_bind)
    [Anonymous Symbol]                       0x08005cb0   Section        0  udp.o(.text.udp_connect)
    [Anonymous Symbol]                       0x08005cfc   Section        0  udp.o(.text.udp_disconnect)
    __arm_cp.6_0                             0x08005d10   Number         4  udp.o(.text.udp_disconnect)
    [Anonymous Symbol]                       0x08005d14   Section        0  udp.o(.text.udp_input)
    [Anonymous Symbol]                       0x08005e7c   Section        0  udp.o(.text.udp_new)
    [Anonymous Symbol]                       0x08005e98   Section        0  udp.o(.text.udp_recv)
    [Anonymous Symbol]                       0x08005ea0   Section        0  udp.o(.text.udp_remove)
    __arm_cp.8_0                             0x08005ec8   Number         4  udp.o(.text.udp_remove)
    [Anonymous Symbol]                       0x08005ecc   Section        0  udp.o(.text.udp_sendto)
    [Anonymous Symbol]                       0x08005ef4   Section        0  udp.o(.text.udp_sendto_if)
    update_arp_entry                         0x08005fa5   Thumb Code   160  etharp.o(.text.update_arp_entry)
    [Anonymous Symbol]                       0x08005fa4   Section        0  etharp.o(.text.update_arp_entry)
    __arm_cp.5_0                             0x08006044   Number         4  etharp.o(.text.update_arp_entry)
    i.__0sprintf$2                           0x08006048   Section        0  printf2.o(i.__0sprintf$2)
    i.__scatterload_copy                     0x08006070   Section       14  handlers.o(i.__scatterload_copy)
    i.__scatterload_null                     0x0800607e   Section        2  handlers.o(i.__scatterload_null)
    i.__scatterload_zeroinit                 0x08006080   Section       14  handlers.o(i.__scatterload_zeroinit)
    _printf_core                             0x0800608f   Thumb Code   214  printf2.o(i._printf_core)
    i._printf_core                           0x0800608e   Section        0  printf2.o(i._printf_core)
    _sputc                                   0x08006165   Thumb Code    10  printf2.o(i._sputc)
    i._sputc                                 0x08006164   Section        0  printf2.o(i._sputc)
    APBAHBPrescTable                         0x0800616e   Data          16  stm32f4xx_rcc.o(.rodata.APBAHBPrescTable)
    [Anonymous Symbol]                       0x0800616e   Section        0  stm32f4xx_rcc.o(.rodata.APBAHBPrescTable)
    Content_Length                           0x0800617e   Data          17  httpserver.o(.rodata.Content_Length)
    [Anonymous Symbol]                       0x0800617e   Section        0  httpserver.o(.rodata.Content_Length)
    data_index_html                          0x0800618f   Data         662  httpserver.o(.rodata.data_index_html)
    [Anonymous Symbol]                       0x0800618f   Section        0  httpserver.o(.rodata.data_index_html)
    data_reset_html                          0x08006425   Data         411  httpserver.o(.rodata.data_reset_html)
    [Anonymous Symbol]                       0x08006425   Section        0  httpserver.o(.rodata.data_reset_html)
    data_upload_html                         0x080065c0   Data         634  httpserver.o(.rodata.data_upload_html)
    [Anonymous Symbol]                       0x080065c0   Section        0  httpserver.o(.rodata.data_upload_html)
    data_uploaddone_html                     0x0800683a   Data         571  httpserver.o(.rodata.data_uploaddone_html)
    [Anonymous Symbol]                       0x0800683a   Section        0  httpserver.o(.rodata.data_uploaddone_html)
    http_crnl_2                              0x08006ac4   Data           4  httpserver.o(.rodata.http_crnl_2)
    [Anonymous Symbol]                       0x08006ac4   Section        0  httpserver.o(.rodata.http_crnl_2)
    memp_num                                 0x08006ad0   Data          18  memp.o(.rodata.memp_num)
    [Anonymous Symbol]                       0x08006ad0   Section        0  memp.o(.rodata.memp_num)
    memp_sizes                               0x08006ae2   Data          18  memp.o(.rodata.memp_sizes)
    [Anonymous Symbol]                       0x08006ae2   Section        0  memp.o(.rodata.memp_sizes)
    octet_stream                             0x08006af4   Data          14  httpserver.o(.rodata.octet_stream)
    [Anonymous Symbol]                       0x08006af4   Section        0  httpserver.o(.rodata.octet_stream)
    [Anonymous Symbol]                       0x08006b02   Section        0  httpserver.o(.rodata.str1.1)
    dhcp_create_request.xid                  0x20000000   Data           4  dhcp.o(.data.dhcp_create_request.xid)
    [Anonymous Symbol]                       0x20000000   Section        0  dhcp.o(.data.dhcp_create_request.xid)
    tcp_new_port.port                        0x20000004   Data           2  tcp.o(.data.tcp_new_port.port)
    [Anonymous Symbol]                       0x20000004   Section        0  tcp.o(.data.tcp_new_port.port)
    tcp_next_iss.iss                         0x20000008   Data           4  tcp.o(.data.tcp_next_iss.iss)
    [Anonymous Symbol]                       0x20000008   Section        0  tcp.o(.data.tcp_next_iss.iss)
    total_count                              0x20000010   Data           4  tftpserver.o(.bss..L_MergedGlobals)
    [Anonymous Symbol]                       0x20000010   Section        0  tftpserver.o(.bss..L_MergedGlobals)
    Flash_Write_Address                      0x20000014   Data           4  tftpserver.o(.bss..L_MergedGlobals)
    [Anonymous Symbol]                       0x20000018   Section        0  httpserver.o(.bss..L_MergedGlobals)
    resetpage                                0x20000019   Data           1  httpserver.o(.bss..L_MergedGlobals)
    BrowserFlag                              0x2000001c   Data           1  httpserver.o(.bss..L_MergedGlobals)
    LeftBytes                                0x2000001d   Data           1  httpserver.o(.bss..L_MergedGlobals)
    DataFlag                                 0x20000020   Data           4  httpserver.o(.bss..L_MergedGlobals)
    TotalReceived                            0x20000024   Data           4  httpserver.o(.bss..L_MergedGlobals)
    size                                     0x20000028   Data           4  httpserver.o(.bss..L_MergedGlobals)
    TotalData                                0x2000002c   Data           4  httpserver.o(.bss..L_MergedGlobals)
    FlashWriteAddress                        0x20000030   Data           4  httpserver.o(.bss..L_MergedGlobals)
    LeftBytesTab                             0x20000034   Data           4  httpserver.o(.bss..L_MergedGlobals)
    [Anonymous Symbol]                       0x20000038   Section        0  main.o(.bss..L_MergedGlobals)
    [Anonymous Symbol]                       0x20000040   Section        0  netconf.o(.bss..L_MergedGlobals)
    ip_reass_pbufcount                       0x20000090   Data           2  ip_frag.o(.bss..L_MergedGlobals)
    [Anonymous Symbol]                       0x20000090   Section        0  ip_frag.o(.bss..L_MergedGlobals)
    reassdatagrams                           0x20000094   Data           4  ip_frag.o(.bss..L_MergedGlobals)
    [Anonymous Symbol]                       0x20000098   Section        0  ip.o(.bss..L_MergedGlobals)
    ram                                      0x200000a0   Data           4  mem.o(.bss..L_MergedGlobals)
    [Anonymous Symbol]                       0x200000a0   Section        0  mem.o(.bss..L_MergedGlobals)
    ram_end                                  0x200000a4   Data           4  mem.o(.bss..L_MergedGlobals)
    lfree                                    0x200000a8   Data           4  mem.o(.bss..L_MergedGlobals)
    netif_add.netifnum                       0x200000ac   Data           1  netif.o(.bss..L_MergedGlobals)
    [Anonymous Symbol]                       0x200000ac   Section        0  netif.o(.bss..L_MergedGlobals)
    [Anonymous Symbol]                       0x200000b8   Section        0  tcp.o(.bss..L_MergedGlobals)
    flags                                    0x200000d0   Data           1  tcp_in.o(.bss..L_MergedGlobals)
    [Anonymous Symbol]                       0x200000d0   Section        0  tcp_in.o(.bss..L_MergedGlobals)
    recv_flags                               0x200000d1   Data           1  tcp_in.o(.bss..L_MergedGlobals)
    tcplen                                   0x200000d2   Data           2  tcp_in.o(.bss..L_MergedGlobals)
    inseg.3                                  0x200000d4   Data           2  tcp_in.o(.bss..L_MergedGlobals)
    iphdr                                    0x200000d8   Data           4  tcp_in.o(.bss..L_MergedGlobals)
    tcphdr                                   0x200000dc   Data           4  tcp_in.o(.bss..L_MergedGlobals)
    seqno                                    0x200000e0   Data           4  tcp_in.o(.bss..L_MergedGlobals)
    ackno                                    0x200000e4   Data           4  tcp_in.o(.bss..L_MergedGlobals)
    recv_data                                0x200000e8   Data           4  tcp_in.o(.bss..L_MergedGlobals)
    inseg.1                                  0x200000f0   Data           4  tcp_in.o(.bss..L_MergedGlobals)
    inseg.2                                  0x200000f4   Data           4  tcp_in.o(.bss..L_MergedGlobals)
    inseg.5                                  0x200000f8   Data           4  tcp_in.o(.bss..L_MergedGlobals)
    [Anonymous Symbol]                       0x200000fc   Section        0  stm32f4x7_eth.o(.bss..L_MergedGlobals)
    UDPpcb                                   0x20003de4   Data           4  tftpserver.o(.bss.UDPpcb)
    [Anonymous Symbol]                       0x20003de4   Section        0  tftpserver.o(.bss.UDPpcb)
    arp_table                                0x20003de8   Data         200  etharp.o(.bss.arp_table)
    [Anonymous Symbol]                       0x20003de8   Section        0  etharp.o(.bss.arp_table)
    buf                                      0x20003eb0   Data        1504  ip_frag.o(.bss.buf)
    [Anonymous Symbol]                       0x20003eb0   Section        0  ip_frag.o(.bss.buf)
    etharp_cached_entry                      0x20004490   Data           1  etharp.o(.bss.etharp_cached_entry)
    [Anonymous Symbol]                       0x20004490   Section        0  etharp.o(.bss.etharp_cached_entry)
    ip_output_if.ip_id                       0x20004492   Data           2  ip.o(.bss.ip_output_if.ip_id)
    [Anonymous Symbol]                       0x20004492   Section        0  ip.o(.bss.ip_output_if.ip_id)
    memp_memory                              0x20004494   Data       10347  memp.o(.bss.memp_memory)
    [Anonymous Symbol]                       0x20004494   Section        0  memp.o(.bss.memp_memory)
    memp_tab                                 0x20006d00   Data          36  memp.o(.bss.memp_tab)
    [Anonymous Symbol]                       0x20006d00   Section        0  memp.o(.bss.memp_tab)
    ram_heap                                 0x20006d24   Data        4116  mem.o(.bss.ram_heap)
    [Anonymous Symbol]                       0x20006d24   Section        0  mem.o(.bss.ram_heap)
    raw_pcbs                                 0x20007d38   Data           4  raw.o(.bss.raw_pcbs)
    [Anonymous Symbol]                       0x20007d38   Section        0  raw.o(.bss.raw_pcbs)
    tcp_timer                                0x20007d3c   Data           1  tcp.o(.bss.tcp_timer)
    [Anonymous Symbol]                       0x20007d3c   Section        0  tcp.o(.bss.tcp_timer)
    STACK                                    0x20007d48   Section     1024  startup_stm32f4xx.o(STACK)

    Global Symbols

    Symbol Name                              Value     Ov Type        Size  Object(Section)

    BuildAttributes$$THM_ISAv4$E$P$D$K$B$S$7EM$VFPi3$EXTD16$VFPS$VFMA$PE$A:L22UL41UL21$X:L11$S22US41US21$IEEE1$IW$~IW$USESV6$~STKCKD$USESV7$~SHL$OSPACE$ROPI$EBA8$MICROLIB$REQ8$PRES8$EABIv2 0x00000000   Number         0  anon$$obj.o ABSOLUTE
    _printf_a                                0x00000000   Number         0  printfstubs.o ABSOLUTE
    _printf_c                                0x00000000   Number         0  printfstubs.o ABSOLUTE
    _printf_charcount                        0x00000000   Number         0  printfstubs.o ABSOLUTE
    _printf_d                                0x00000000   Number         0  printfstubs.o ABSOLUTE
    _printf_e                                0x00000000   Number         0  printfstubs.o ABSOLUTE
    _printf_f                                0x00000000   Number         0  printfstubs.o ABSOLUTE
    _printf_flags                            0x00000000   Number         0  printfstubs.o ABSOLUTE
    _printf_fp_dec                           0x00000000   Number         0  printfstubs.o ABSOLUTE
    _printf_fp_hex                           0x00000000   Number         0  printfstubs.o ABSOLUTE
    _printf_g                                0x00000000   Number         0  printfstubs.o ABSOLUTE
    _printf_i                                0x00000000   Number         0  printfstubs.o ABSOLUTE
    _printf_int_dec                          0x00000000   Number         0  printfstubs.o ABSOLUTE
    _printf_l                                0x00000000   Number         0  printfstubs.o ABSOLUTE
    _printf_lc                               0x00000000   Number         0  printfstubs.o ABSOLUTE
    _printf_ll                               0x00000000   Number         0  printfstubs.o ABSOLUTE
    _printf_lld                              0x00000000   Number         0  printfstubs.o ABSOLUTE
    _printf_lli                              0x00000000   Number         0  printfstubs.o ABSOLUTE
    _printf_llo                              0x00000000   Number         0  printfstubs.o ABSOLUTE
    _printf_llu                              0x00000000   Number         0  printfstubs.o ABSOLUTE
    _printf_llx                              0x00000000   Number         0  printfstubs.o ABSOLUTE
    _printf_longlong_dec                     0x00000000   Number         0  printfstubs.o ABSOLUTE
    _printf_longlong_hex                     0x00000000   Number         0  printfstubs.o ABSOLUTE
    _printf_longlong_oct                     0x00000000   Number         0  printfstubs.o ABSOLUTE
    _printf_ls                               0x00000000   Number         0  printfstubs.o ABSOLUTE
    _printf_mbtowc                           0x00000000   Number         0  printfstubs.o ABSOLUTE
    _printf_n                                0x00000000   Number         0  printfstubs.o ABSOLUTE
    _printf_o                                0x00000000   Number         0  printfstubs.o ABSOLUTE
    _printf_p                                0x00000000   Number         0  printfstubs.o ABSOLUTE
    _printf_percent                          0x00000000   Number         0  printfstubs.o ABSOLUTE
    _printf_pre_padding                      0x00000000   Number         0  printfstubs.o ABSOLUTE
    _printf_return_value                     0x00000000   Number         0  printfstubs.o ABSOLUTE
    _printf_s                                0x00000000   Number         0  printfstubs.o ABSOLUTE
    _printf_sizespec                         0x00000000   Number         0  printfstubs.o ABSOLUTE
    _printf_str                              0x00000000   Number         0  printfstubs.o ABSOLUTE
    _printf_truncate_signed                  0x00000000   Number         0  printfstubs.o ABSOLUTE
    _printf_truncate_unsigned                0x00000000   Number         0  printfstubs.o ABSOLUTE
    _printf_u                                0x00000000   Number         0  printfstubs.o ABSOLUTE
    _printf_wc                               0x00000000   Number         0  printfstubs.o ABSOLUTE
    _printf_wctomb                           0x00000000   Number         0  printfstubs.o ABSOLUTE
    _printf_widthprec                        0x00000000   Number         0  printfstubs.o ABSOLUTE
    _printf_x                                0x00000000   Number         0  printfstubs.o ABSOLUTE
    __cpp_initialize__aeabi_                  - Undefined Weak Reference
    __cxa_finalize                            - Undefined Weak Reference
    __decompress                              - Undefined Weak Reference
    _clock_init                               - Undefined Weak Reference
    _microlib_exit                            - Undefined Weak Reference
    __Vectors_Size                           0x00000188   Number         0  startup_stm32f4xx.o ABSOLUTE
    __Vectors                                0x08000000   Data           4  startup_stm32f4xx.o(RESET)
    __Vectors_End                            0x08000188   Data           0  startup_stm32f4xx.o(RESET)
    __main                                   0x08000189   Thumb Code     0  entry.o(.ARM.Collect$$$$00000000)
    _main_stk                                0x08000189   Thumb Code     0  entry2.o(.ARM.Collect$$$$00000001)
    _main_scatterload                        0x0800018d   Thumb Code     0  entry5.o(.ARM.Collect$$$$00000004)
    __main_after_scatterload                 0x08000191   Thumb Code     0  entry5.o(.ARM.Collect$$$$00000004)
    _main_clock                              0x08000191   Thumb Code     0  entry7b.o(.ARM.Collect$$$$00000008)
    _main_cpp_init                           0x08000191   Thumb Code     0  entry8b.o(.ARM.Collect$$$$0000000A)
    _main_init                               0x08000191   Thumb Code     0  entry9a.o(.ARM.Collect$$$$0000000B)
    __rt_final_cpp                           0x08000199   Thumb Code     0  entry10a.o(.ARM.Collect$$$$0000000D)
    __rt_final_exit                          0x08000199   Thumb Code     0  entry11a.o(.ARM.Collect$$$$0000000F)
    Reset_Handler                            0x0800019d   Thumb Code     8  startup_stm32f4xx.o(.text)
    NMI_Handler                              0x080001a5   Thumb Code     2  startup_stm32f4xx.o(.text)
    HardFault_Handler                        0x080001a7   Thumb Code     2  startup_stm32f4xx.o(.text)
    MemManage_Handler                        0x080001a9   Thumb Code     2  startup_stm32f4xx.o(.text)
    BusFault_Handler                         0x080001ab   Thumb Code     2  startup_stm32f4xx.o(.text)
    UsageFault_Handler                       0x080001ad   Thumb Code     2  startup_stm32f4xx.o(.text)
    SVC_Handler                              0x080001af   Thumb Code     2  startup_stm32f4xx.o(.text)
    DebugMon_Handler                         0x080001b1   Thumb Code     2  startup_stm32f4xx.o(.text)
    PendSV_Handler                           0x080001b3   Thumb Code     2  startup_stm32f4xx.o(.text)
    ADC_IRQHandler                           0x080001b7   Thumb Code     0  startup_stm32f4xx.o(.text)
    CAN1_RX0_IRQHandler                      0x080001b7   Thumb Code     0  startup_stm32f4xx.o(.text)
    CAN1_RX1_IRQHandler                      0x080001b7   Thumb Code     0  startup_stm32f4xx.o(.text)
    CAN1_SCE_IRQHandler                      0x080001b7   Thumb Code     0  startup_stm32f4xx.o(.text)
    CAN1_TX_IRQHandler                       0x080001b7   Thumb Code     0  startup_stm32f4xx.o(.text)
    CAN2_RX0_IRQHandler                      0x080001b7   Thumb Code     0  startup_stm32f4xx.o(.text)
    CAN2_RX1_IRQHandler                      0x080001b7   Thumb Code     0  startup_stm32f4xx.o(.text)
    CAN2_SCE_IRQHandler                      0x080001b7   Thumb Code     0  startup_stm32f4xx.o(.text)
    CAN2_TX_IRQHandler                       0x080001b7   Thumb Code     0  startup_stm32f4xx.o(.text)
    CRYP_IRQHandler                          0x080001b7   Thumb Code     0  startup_stm32f4xx.o(.text)
    DCMI_IRQHandler                          0x080001b7   Thumb Code     0  startup_stm32f4xx.o(.text)
    DMA1_Stream0_IRQHandler                  0x080001b7   Thumb Code     0  startup_stm32f4xx.o(.text)
    DMA1_Stream1_IRQHandler                  0x080001b7   Thumb Code     0  startup_stm32f4xx.o(.text)
    DMA1_Stream2_IRQHandler                  0x080001b7   Thumb Code     0  startup_stm32f4xx.o(.text)
    DMA1_Stream3_IRQHandler                  0x080001b7   Thumb Code     0  startup_stm32f4xx.o(.text)
    DMA1_Stream4_IRQHandler                  0x080001b7   Thumb Code     0  startup_stm32f4xx.o(.text)
    DMA1_Stream5_IRQHandler                  0x080001b7   Thumb Code     0  startup_stm32f4xx.o(.text)
    DMA1_Stream6_IRQHandler                  0x080001b7   Thumb Code     0  startup_stm32f4xx.o(.text)
    DMA1_Stream7_IRQHandler                  0x080001b7   Thumb Code     0  startup_stm32f4xx.o(.text)
    DMA2_Stream0_IRQHandler                  0x080001b7   Thumb Code     0  startup_stm32f4xx.o(.text)
    DMA2_Stream1_IRQHandler                  0x080001b7   Thumb Code     0  startup_stm32f4xx.o(.text)
    DMA2_Stream2_IRQHandler                  0x080001b7   Thumb Code     0  startup_stm32f4xx.o(.text)
    DMA2_Stream3_IRQHandler                  0x080001b7   Thumb Code     0  startup_stm32f4xx.o(.text)
    DMA2_Stream4_IRQHandler                  0x080001b7   Thumb Code     0  startup_stm32f4xx.o(.text)
    DMA2_Stream5_IRQHandler                  0x080001b7   Thumb Code     0  startup_stm32f4xx.o(.text)
    DMA2_Stream6_IRQHandler                  0x080001b7   Thumb Code     0  startup_stm32f4xx.o(.text)
    DMA2_Stream7_IRQHandler                  0x080001b7   Thumb Code     0  startup_stm32f4xx.o(.text)
    ETH_IRQHandler                           0x080001b7   Thumb Code     0  startup_stm32f4xx.o(.text)
    ETH_WKUP_IRQHandler                      0x080001b7   Thumb Code     0  startup_stm32f4xx.o(.text)
    EXTI0_IRQHandler                         0x080001b7   Thumb Code     0  startup_stm32f4xx.o(.text)
    EXTI1_IRQHandler                         0x080001b7   Thumb Code     0  startup_stm32f4xx.o(.text)
    EXTI2_IRQHandler                         0x080001b7   Thumb Code     0  startup_stm32f4xx.o(.text)
    EXTI3_IRQHandler                         0x080001b7   Thumb Code     0  startup_stm32f4xx.o(.text)
    EXTI4_IRQHandler                         0x080001b7   Thumb Code     0  startup_stm32f4xx.o(.text)
    EXTI9_5_IRQHandler                       0x080001b7   Thumb Code     0  startup_stm32f4xx.o(.text)
    FLASH_IRQHandler                         0x080001b7   Thumb Code     0  startup_stm32f4xx.o(.text)
    FPU_IRQHandler                           0x080001b7   Thumb Code     0  startup_stm32f4xx.o(.text)
    FSMC_IRQHandler                          0x080001b7   Thumb Code     0  startup_stm32f4xx.o(.text)
    HASH_RNG_IRQHandler                      0x080001b7   Thumb Code     0  startup_stm32f4xx.o(.text)
    I2C1_ER_IRQHandler                       0x080001b7   Thumb Code     0  startup_stm32f4xx.o(.text)
    I2C1_EV_IRQHandler                       0x080001b7   Thumb Code     0  startup_stm32f4xx.o(.text)
    I2C2_ER_IRQHandler                       0x080001b7   Thumb Code     0  startup_stm32f4xx.o(.text)
    I2C2_EV_IRQHandler                       0x080001b7   Thumb Code     0  startup_stm32f4xx.o(.text)
    I2C3_ER_IRQHandler                       0x080001b7   Thumb Code     0  startup_stm32f4xx.o(.text)
    I2C3_EV_IRQHandler                       0x080001b7   Thumb Code     0  startup_stm32f4xx.o(.text)
    OTG_FS_IRQHandler                        0x080001b7   Thumb Code     0  startup_stm32f4xx.o(.text)
    OTG_FS_WKUP_IRQHandler                   0x080001b7   Thumb Code     0  startup_stm32f4xx.o(.text)
    OTG_HS_EP1_IN_IRQHandler                 0x080001b7   Thumb Code     0  startup_stm32f4xx.o(.text)
    OTG_HS_EP1_OUT_IRQHandler                0x080001b7   Thumb Code     0  startup_stm32f4xx.o(.text)
    OTG_HS_IRQHandler                        0x080001b7   Thumb Code     0  startup_stm32f4xx.o(.text)
    OTG_HS_WKUP_IRQHandler                   0x080001b7   Thumb Code     0  startup_stm32f4xx.o(.text)
    PVD_IRQHandler                           0x080001b7   Thumb Code     0  startup_stm32f4xx.o(.text)
    RCC_IRQHandler                           0x080001b7   Thumb Code     0  startup_stm32f4xx.o(.text)
    RTC_Alarm_IRQHandler                     0x080001b7   Thumb Code     0  startup_stm32f4xx.o(.text)
    RTC_WKUP_IRQHandler                      0x080001b7   Thumb Code     0  startup_stm32f4xx.o(.text)
    SDIO_IRQHandler                          0x080001b7   Thumb Code     0  startup_stm32f4xx.o(.text)
    SPI1_IRQHandler                          0x080001b7   Thumb Code     0  startup_stm32f4xx.o(.text)
    SPI2_IRQHandler                          0x080001b7   Thumb Code     0  startup_stm32f4xx.o(.text)
    SPI3_IRQHandler                          0x080001b7   Thumb Code     0  startup_stm32f4xx.o(.text)
    TAMP_STAMP_IRQHandler                    0x080001b7   Thumb Code     0  startup_stm32f4xx.o(.text)
    TIM1_BRK_TIM9_IRQHandler                 0x080001b7   Thumb Code     0  startup_stm32f4xx.o(.text)
    TIM1_CC_IRQHandler                       0x080001b7   Thumb Code     0  startup_stm32f4xx.o(.text)
    TIM1_TRG_COM_TIM11_IRQHandler            0x080001b7   Thumb Code     0  startup_stm32f4xx.o(.text)
    TIM1_UP_TIM10_IRQHandler                 0x080001b7   Thumb Code     0  startup_stm32f4xx.o(.text)
    TIM2_IRQHandler                          0x080001b7   Thumb Code     0  startup_stm32f4xx.o(.text)
    TIM3_IRQHandler                          0x080001b7   Thumb Code     0  startup_stm32f4xx.o(.text)
    TIM4_IRQHandler                          0x080001b7   Thumb Code     0  startup_stm32f4xx.o(.text)
    TIM5_IRQHandler                          0x080001b7   Thumb Code     0  startup_stm32f4xx.o(.text)
    TIM6_DAC_IRQHandler                      0x080001b7   Thumb Code     0  startup_stm32f4xx.o(.text)
    TIM7_IRQHandler                          0x080001b7   Thumb Code     0  startup_stm32f4xx.o(.text)
    TIM8_BRK_TIM12_IRQHandler                0x080001b7   Thumb Code     0  startup_stm32f4xx.o(.text)
    TIM8_CC_IRQHandler                       0x080001b7   Thumb Code     0  startup_stm32f4xx.o(.text)
    TIM8_TRG_COM_TIM14_IRQHandler            0x080001b7   Thumb Code     0  startup_stm32f4xx.o(.text)
    TIM8_UP_TIM13_IRQHandler                 0x080001b7   Thumb Code     0  startup_stm32f4xx.o(.text)
    UART4_IRQHandler                         0x080001b7   Thumb Code     0  startup_stm32f4xx.o(.text)
    UART5_IRQHandler                         0x080001b7   Thumb Code     0  startup_stm32f4xx.o(.text)
    USART1_IRQHandler                        0x080001b7   Thumb Code     0  startup_stm32f4xx.o(.text)
    USART2_IRQHandler                        0x080001b7   Thumb Code     0  startup_stm32f4xx.o(.text)
    USART3_IRQHandler                        0x080001b7   Thumb Code     0  startup_stm32f4xx.o(.text)
    USART6_IRQHandler                        0x080001b7   Thumb Code     0  startup_stm32f4xx.o(.text)
    WWDG_IRQHandler                          0x080001b7   Thumb Code     0  startup_stm32f4xx.o(.text)
    __aeabi_memcpy                           0x080001c1   Thumb Code    36  memcpya.o(.text)
    __aeabi_memcpy4                          0x080001c1   Thumb Code     0  memcpya.o(.text)
    __aeabi_memcpy8                          0x080001c1   Thumb Code     0  memcpya.o(.text)
    __aeabi_memset                           0x080001e5   Thumb Code    14  memseta.o(.text)
    __aeabi_memset4                          0x080001e5   Thumb Code     0  memseta.o(.text)
    __aeabi_memset8                          0x080001e5   Thumb Code     0  memseta.o(.text)
    __aeabi_memclr                           0x080001f3   Thumb Code     4  memseta.o(.text)
    __aeabi_memclr4                          0x080001f3   Thumb Code     0  memseta.o(.text)
    __aeabi_memclr8                          0x080001f3   Thumb Code     0  memseta.o(.text)
    _memset$wrapper                          0x080001f7   Thumb Code    18  memseta.o(.text)
    strcmp                                   0x08000209   Thumb Code    28  strcmp.o(.text)
    memcmp                                   0x08000225   Thumb Code    26  memcmp.o(.text)
    strncmp                                  0x0800023f   Thumb Code    30  strncmp.o(.text)
    __scatterload                            0x0800025d   Thumb Code    28  init.o(.text)
    __scatterload_rt2                        0x0800025d   Thumb Code     0  init.o(.text)
    ETH_BSP_Config                           0x08000281   Thumb Code   424  stm32f4x7_eth_bsp.o(.text.ETH_BSP_Config)
    ETH_CheckFrameReceived                   0x08000439   Thumb Code   108  stm32f4x7_eth.o(.text.ETH_CheckFrameReceived)
    ETH_DMARxDescChainInit                   0x080004a5   Thumb Code    84  stm32f4x7_eth.o(.text.ETH_DMARxDescChainInit)
    ETH_DMATxDescChainInit                   0x080004fd   Thumb Code    60  stm32f4x7_eth.o(.text.ETH_DMATxDescChainInit)
    ETH_DMATxDescChecksumInsertionConfig     0x0800053d   Thumb Code     8  stm32f4x7_eth.o(.text.ETH_DMATxDescChecksumInsertionConfig)
    ETH_DeInit                               0x08000545   Thumb Code    26  stm32f4x7_eth.o(.text.ETH_DeInit)
    ETH_GetSoftwareResetStatus               0x08000579   Thumb Code     8  stm32f4x7_eth.o(.text.ETH_GetSoftwareResetStatus)
    ETH_Get_Received_Frame                   0x08000581   Thumb Code    28  stm32f4x7_eth.o(.text.ETH_Get_Received_Frame)
    ETH_Init                                 0x080005a1   Thumb Code   532  stm32f4x7_eth.o(.text.ETH_Init)
    ETH_MACAddressConfig                     0x080007dd   Thumb Code    16  stm32f4x7_eth.o(.text.ETH_MACAddressConfig)
    ETH_Prepare_Transmit_Descriptors         0x080007f1   Thumb Code   168  stm32f4x7_eth.o(.text.ETH_Prepare_Transmit_Descriptors)
    ETH_ReadPHYRegister                      0x080008a5   Thumb Code    68  stm32f4x7_eth.o(.text.ETH_ReadPHYRegister)
    ETH_SoftwareReset                        0x080008e9   Thumb Code     8  stm32f4x7_eth.o(.text.ETH_SoftwareReset)
    ETH_Start                                0x080008f5   Thumb Code    48  stm32f4x7_eth.o(.text.ETH_Start)
    ETH_StructInit                           0x0800092d   Thumb Code   132  stm32f4x7_eth.o(.text.ETH_StructInit)
    ETH_WritePHYRegister                     0x080009b1   Thumb Code    64  stm32f4x7_eth.o(.text.ETH_WritePHYRegister)
    EXTI15_10_IRQHandler                     0x080009f9   Thumb Code    32  main.o(.text.EXTI15_10_IRQHandler)
    EXTI_ClearITPendingBit                   0x08000a19   Thumb Code     8  stm32f4xx_exti.o(.text.EXTI_ClearITPendingBit)
    EXTI_GetITStatus                         0x08000a25   Thumb Code    24  stm32f4xx_exti.o(.text.EXTI_GetITStatus)
    EXTI_Init                                0x08000a3d   Thumb Code    92  stm32f4xx_exti.o(.text.EXTI_Init)
    Eth_Link_EXTIConfig                      0x08000a9d   Thumb Code   100  stm32f4x7_eth_bsp.o(.text.Eth_Link_EXTIConfig)
    Eth_Link_ITHandler                       0x08000b09   Thumb Code    24  stm32f4x7_eth_bsp.o(.text.Eth_Link_ITHandler)
    Eth_Link_PHYITConfig                     0x08000b25   Thumb Code    56  stm32f4x7_eth_bsp.o(.text.Eth_Link_PHYITConfig)
    FLASH_EraseSector                        0x08000b5d   Thumb Code    88  stm32f4xx_flash.o(.text.FLASH_EraseSector)
    FLASH_GetStatus                          0x08000bb5   Thumb Code    48  stm32f4xx_flash.o(.text.FLASH_GetStatus)
    FLASH_If_Erase                           0x08000be9   Thumb Code    68  flash_if.o(.text.FLASH_If_Erase)
    FLASH_If_Init                            0x08000c35   Thumb Code     4  flash_if.o(.text.FLASH_If_Init)
    FLASH_If_Write                           0x08000c39   Thumb Code    64  flash_if.o(.text.FLASH_If_Write)
    FLASH_ProgramWord                        0x08000c7d   Thumb Code    36  stm32f4xx_flash.o(.text.FLASH_ProgramWord)
    FLASH_Unlock                             0x08000ca5   Thumb Code    24  stm32f4xx_flash.o(.text.FLASH_Unlock)
    FLASH_WaitForLastOperation               0x08000cc9   Thumb Code    30  stm32f4xx_flash.o(.text.FLASH_WaitForLastOperation)
    GPIO_Init                                0x08000ce7   Thumb Code   130  stm32f4xx_gpio.o(.text.GPIO_Init)
    GPIO_PinAFConfig                         0x08000d69   Thumb Code    40  stm32f4xx_gpio.o(.text.GPIO_PinAFConfig)
    IAP_httpd_init                           0x08000e11   Thumb Code    36  httpserver.o(.text.IAP_httpd_init)
    IAP_tftpd_init                           0x08000f4d   Thumb Code    40  tftpserver.o(.text.IAP_tftpd_init)
    LwIP_DHCP_Process_Handle                 0x0800103d   Thumb Code   100  netconf.o(.text.LwIP_DHCP_Process_Handle)
    LwIP_Init                                0x080010a9   Thumb Code    64  netconf.o(.text.LwIP_Init)
    LwIP_Periodic_Handle                     0x080010f1   Thumb Code   108  netconf.o(.text.LwIP_Periodic_Handle)
    LwIP_Pkt_Handle                          0x0800115d   Thumb Code     8  netconf.o(.text.LwIP_Pkt_Handle)
    NVIC_Init                                0x08001169   Thumb Code    76  misc.o(.text.NVIC_Init)
    NVIC_PriorityGroupConfig                 0x080011b9   Thumb Code    12  misc.o(.text.NVIC_PriorityGroupConfig)
    RCC_AHB1PeriphClockCmd                   0x08001421   Thumb Code    20  stm32f4xx_rcc.o(.text.RCC_AHB1PeriphClockCmd)
    RCC_AHB1PeriphResetCmd                   0x08001439   Thumb Code    20  stm32f4xx_rcc.o(.text.RCC_AHB1PeriphResetCmd)
    RCC_APB2PeriphClockCmd                   0x08001451   Thumb Code    20  stm32f4xx_rcc.o(.text.RCC_APB2PeriphClockCmd)
    RCC_GetClocksFreq                        0x08001469   Thumb Code   116  stm32f4xx_rcc.o(.text.RCC_GetClocksFreq)
    SYSCFG_ETH_MediaInterfaceConfig          0x080014ed   Thumb Code     8  stm32f4xx_syscfg.o(.text.SYSCFG_ETH_MediaInterfaceConfig)
    SYSCFG_EXTILineConfig                    0x080014f9   Thumb Code    36  stm32f4xx_syscfg.o(.text.SYSCFG_EXTILineConfig)
    SysTick_CLKSourceConfig                  0x08001521   Thumb Code    20  misc.o(.text.SysTick_CLKSourceConfig)
    SysTick_Handler                          0x08001539   Thumb Code    12  main.o(.text.SysTick_Handler)
    SystemInit                               0x08001549   Thumb Code   208  system_stm32f4xx.o(.text.SystemInit)
    autoip_arp_reply                         0x08001659   Thumb Code   114  autoip.o(.text.autoip_arp_reply)
    autoip_start                             0x080016cd   Thumb Code   132  autoip.o(.text.autoip_start)
    dhcp_arp_reply                           0x080017cd   Thumb Code   112  dhcp.o(.text.dhcp_arp_reply)
    dhcp_coarse_tmr                          0x08001909   Thumb Code    84  dhcp.o(.text.dhcp_coarse_tmr)
    dhcp_fine_tmr                            0x08001b01   Thumb Code   152  dhcp.o(.text.dhcp_fine_tmr)
    dhcp_release                             0x08001fe5   Thumb Code   172  dhcp.o(.text.dhcp_release)
    dhcp_renew                               0x08002091   Thumb Code   112  dhcp.o(.text.dhcp_renew)
    dhcp_start                               0x080021c9   Thumb Code   152  dhcp.o(.text.dhcp_start)
    dhcp_stop                                0x08002269   Thumb Code    44  dhcp.o(.text.dhcp_stop)
    etharp_arp_input                         0x08002295   Thumb Code   280  etharp.o(.text.etharp_arp_input)
    etharp_ip_input                          0x080023ad   Thumb Code    36  etharp.o(.text.etharp_ip_input)
    etharp_output                            0x080023d1   Thumb Code   152  etharp.o(.text.etharp_output)
    etharp_query                             0x0800246d   Thumb Code   268  etharp.o(.text.etharp_query)
    etharp_raw                               0x08002579   Thumb Code   180  etharp.o(.text.etharp_raw)
    etharp_request                           0x08002631   Thumb Code    32  etharp.o(.text.etharp_request)
    etharp_tmr                               0x08002691   Thumb Code    60  etharp.o(.text.etharp_tmr)
    ethernet_input                           0x080026cd   Thumb Code    82  etharp.o(.text.ethernet_input)
    ethernetif_init                          0x08002721   Thumb Code   112  ethernetif.o(.text.ethernetif_init)
    ethernetif_input                         0x080027a9   Thumb Code   148  ethernetif.o(.text.ethernetif_input)
    htonl                                    0x080029a9   Thumb Code     4  inet.o(.text.htonl)
    htons                                    0x080029ad   Thumb Code     4  inet.o(.text.htons)
    icmp_dest_unreach                        0x08002e81   Thumb Code     8  icmp.o(.text.icmp_dest_unreach)
    icmp_input                               0x08002e89   Thumb Code   280  icmp.o(.text.icmp_input)
    icmp_time_exceeded                       0x08003009   Thumb Code     8  icmp.o(.text.icmp_time_exceeded)
    inet_chksum                              0x08003011   Thumb Code    14  inet_chksum.o(.text.inet_chksum)
    inet_chksum_pbuf                         0x0800301f   Thumb Code    60  inet_chksum.o(.text.inet_chksum_pbuf)
    ip_addr_isbroadcast                      0x0800305b   Thumb Code    46  ip_addr.o(.text.ip_addr_isbroadcast)
    ip_frag                                  0x08003089   Thumb Code   292  ip_frag.o(.text.ip_frag)
    ip_input                                 0x080031b1   Thumb Code   376  ip.o(.text.ip_input)
    ip_output                                0x0800332d   Thumb Code    48  ip.o(.text.ip_output)
    ip_output_if                             0x0800335d   Thumb Code   188  ip.o(.text.ip_output_if)
    ip_reass                                 0x08003421   Thumb Code   608  ip_frag.o(.text.ip_reass)
    ip_route                                 0x0800377d   Thumb Code    60  ip.o(.text.ip_route)
    main                                     0x0800382d   Thumb Code    36  main.o(.text.main)
    mem_free                                 0x08003855   Thumb Code   120  mem.o(.text.mem_free)
    mem_init                                 0x080038cd   Thumb Code    48  mem.o(.text.mem_init)
    mem_malloc                               0x08003901   Thumb Code   172  mem.o(.text.mem_malloc)
    mem_realloc                              0x080039ad   Thumb Code   192  mem.o(.text.mem_realloc)
    memp_free                                0x08003a71   Thumb Code    16  memp.o(.text.memp_free)
    memp_init                                0x08003a81   Thumb Code    68  memp.o(.text.memp_init)
    memp_malloc                              0x08003ad1   Thumb Code    28  memp.o(.text.memp_malloc)
    netif_add                                0x08003af1   Thumb Code    68  netif.o(.text.netif_add)
    netif_is_up                              0x08003b35   Thumb Code    10  netif.o(.text.netif_is_up)
    netif_set_addr                           0x08003b3f   Thumb Code    34  netif.o(.text.netif_set_addr)
    netif_set_default                        0x08003b61   Thumb Code     8  netif.o(.text.netif_set_default)
    netif_set_down                           0x08003b6d   Thumb Code    18  netif.o(.text.netif_set_down)
    netif_set_gw                             0x08003b7f   Thumb Code    12  netif.o(.text.netif_set_gw)
    netif_set_ipaddr                         0x08003b8d   Thumb Code    84  netif.o(.text.netif_set_ipaddr)
    netif_set_netmask                        0x08003be9   Thumb Code    12  netif.o(.text.netif_set_netmask)
    netif_set_up                             0x08003bf5   Thumb Code    28  netif.o(.text.netif_set_up)
    ntohl                                    0x08003c11   Thumb Code     4  inet.o(.text.ntohl)
    ntohs                                    0x08003c15   Thumb Code     4  inet.o(.text.ntohs)
    pbuf_alloc                               0x08003c19   Thumb Code   244  pbuf.o(.text.pbuf_alloc)
    pbuf_cat                                 0x08003d11   Thumb Code    38  pbuf.o(.text.pbuf_cat)
    pbuf_chain                               0x08003d37   Thumb Code    18  pbuf.o(.text.pbuf_chain)
    pbuf_clen                                0x08003d49   Thumb Code    14  pbuf.o(.text.pbuf_clen)
    pbuf_copy                                0x08003d57   Thumb Code   190  pbuf.o(.text.pbuf_copy)
    pbuf_copy_partial                        0x08003e15   Thumb Code    94  pbuf.o(.text.pbuf_copy_partial)
    pbuf_free                                0x08003e73   Thumb Code    68  pbuf.o(.text.pbuf_free)
    pbuf_header                              0x08003eb7   Thumb Code    96  pbuf.o(.text.pbuf_header)
    pbuf_realloc                             0x08003f17   Thumb Code    76  pbuf.o(.text.pbuf_realloc)
    pbuf_ref                                 0x08003f63   Thumb Code    10  pbuf.o(.text.pbuf_ref)
    raw_input                                0x08003f6d   Thumb Code   100  raw.o(.text.raw_input)
    tcp_abandon                              0x08004005   Thumb Code   136  tcp.o(.text.tcp_abandon)
    tcp_accept                               0x0800408d   Thumb Code     4  tcp.o(.text.tcp_accept)
    tcp_alloc                                0x08004099   Thumb Code   236  tcp.o(.text.tcp_alloc)
    tcp_arg                                  0x08004199   Thumb Code     4  tcp.o(.text.tcp_arg)
    tcp_bind                                 0x0800419d   Thumb Code   180  tcp.o(.text.tcp_bind)
    tcp_close                                0x08004251   Thumb Code   152  tcp.o(.text.tcp_close)
    tcp_eff_send_mss                         0x080042ed   Thumb Code    30  tcp.o(.text.tcp_eff_send_mss)
    tcp_enqueue                              0x0800430d   Thumb Code   880  tcp_out.o(.text.tcp_enqueue)
    tcp_err                                  0x0800467d   Thumb Code     6  tcp.o(.text.tcp_err)
    tcp_fasttmr                              0x08004685   Thumb Code    76  tcp.o(.text.tcp_fasttmr)
    tcp_input                                0x080046d5   Thumb Code  1744  tcp_in.o(.text.tcp_input)
    tcp_keepalive                            0x08004db9   Thumb Code    58  tcp_out.o(.text.tcp_keepalive)
    tcp_listen_with_backlog                  0x08004df5   Thumb Code   116  tcp.o(.text.tcp_listen_with_backlog)
    tcp_new                                  0x08004e6d   Thumb Code     6  tcp.o(.text.tcp_new)
    tcp_output                               0x08004ecd   Thumb Code   556  tcp_out.o(.text.tcp_output)
    tcp_pcb_purge                            0x080051dd   Thumb Code    58  tcp.o(.text.tcp_pcb_purge)
    tcp_pcb_remove                           0x08005219   Thumb Code    80  tcp.o(.text.tcp_pcb_remove)
    tcp_poll                                 0x0800526d   Thumb Code    10  tcp.o(.text.tcp_poll)
    tcp_recv                                 0x08005665   Thumb Code     6  tcp.o(.text.tcp_recv)
    tcp_recv_null                            0x0800566b   Thumb Code    40  tcp.o(.text.tcp_recv_null)
    tcp_recved                               0x08005693   Thumb Code    60  tcp.o(.text.tcp_recved)
    tcp_rexmit                               0x080056cf   Thumb Code    78  tcp_out.o(.text.tcp_rexmit)
    tcp_rexmit_fast                          0x0800571d   Thumb Code    82  tcp_out.o(.text.tcp_rexmit_fast)
    tcp_rexmit_rto                           0x0800576f   Thumb Code    42  tcp_out.o(.text.tcp_rexmit_rto)
    tcp_rst                                  0x08005799   Thumb Code   144  tcp_out.o(.text.tcp_rst)
    tcp_seg_free                             0x0800582d   Thumb Code    36  tcp.o(.text.tcp_seg_free)
    tcp_segs_free                            0x08005851   Thumb Code    22  tcp.o(.text.tcp_segs_free)
    tcp_send_ctrl                            0x08005867   Thumb Code    22  tcp_out.o(.text.tcp_send_ctrl)
    tcp_send_empty_ack                       0x0800587d   Thumb Code    64  tcp_out.o(.text.tcp_send_empty_ack)
    tcp_sent                                 0x080058bd   Thumb Code     6  tcp.o(.text.tcp_sent)
    tcp_slowtmr                              0x080058c5   Thumb Code   620  tcp.o(.text.tcp_slowtmr)
    tcp_tmr                                  0x08005b41   Thumb Code    28  tcp.o(.text.tcp_tmr)
    tcp_update_rcv_ann_wnd                   0x08005b61   Thumb Code    52  tcp.o(.text.tcp_update_rcv_ann_wnd)
    tcp_write                                0x08005b95   Thumb Code    42  tcp_out.o(.text.tcp_write)
    tcp_zero_window_probe                    0x08005bbf   Thumb Code   140  tcp_out.o(.text.tcp_zero_window_probe)
    udp_bind                                 0x08005c4d   Thumb Code   100  udp.o(.text.udp_bind)
    udp_connect                              0x08005cb1   Thumb Code    76  udp.o(.text.udp_connect)
    udp_disconnect                           0x08005cfd   Thumb Code    20  udp.o(.text.udp_disconnect)
    udp_input                                0x08005d15   Thumb Code   360  udp.o(.text.udp_input)
    udp_new                                  0x08005e7d   Thumb Code    28  udp.o(.text.udp_new)
    udp_recv                                 0x08005e99   Thumb Code     6  udp.o(.text.udp_recv)
    udp_remove                               0x08005ea1   Thumb Code    40  udp.o(.text.udp_remove)
    udp_sendto                               0x08005ecd   Thumb Code    40  udp.o(.text.udp_sendto)
    udp_sendto_if                            0x08005ef5   Thumb Code   174  udp.o(.text.udp_sendto_if)
    __0sprintf$2                             0x08006049   Thumb Code    34  printf2.o(i.__0sprintf$2)
    __1sprintf$2                             0x08006049   Thumb Code     0  printf2.o(i.__0sprintf$2)
    __2sprintf                               0x08006049   Thumb Code     0  printf2.o(i.__0sprintf$2)
    __scatterload_copy                       0x08006071   Thumb Code    14  handlers.o(i.__scatterload_copy)
    __scatterload_null                       0x0800607f   Thumb Code     2  handlers.o(i.__scatterload_null)
    __scatterload_zeroinit                   0x08006081   Thumb Code    14  handlers.o(i.__scatterload_zeroinit)
    ethbroadcast                             0x08006a75   Data           6  etharp.o(.rodata.ethbroadcast)
    ethzero                                  0x08006a7b   Data           6  etharp.o(.rodata.ethzero)
    file_index_html                          0x08006a84   Data          16  httpserver.o(.rodata.file_index_html)
    file_reset_html                          0x08006a94   Data          16  httpserver.o(.rodata.file_reset_html)
    file_upload_html                         0x08006aa4   Data          16  httpserver.o(.rodata.file_upload_html)
    file_uploaddone_html                     0x08006ab4   Data          16  httpserver.o(.rodata.file_uploaddone_html)
    ip_addr_any                              0x08006ac8   Data           4  ip_addr.o(.rodata.ip_addr_any)
    ip_addr_broadcast                        0x08006acc   Data           4  ip_addr.o(.rodata.ip_addr_broadcast)
    tcp_backoff                              0x08006b20   Data          13  tcp.o(.rodata.tcp_backoff)
    tcp_persist_backoff                      0x08006b2d   Data           7  tcp.o(.rodata.tcp_persist_backoff)
    Region$$Table$$Base                      0x08006b34   Number         0  anon$$obj.o(Region$$Table)
    Region$$Table$$Limit                     0x08006b54   Number         0  anon$$obj.o(Region$$Table)
    htmlpage                                 0x20000018   Data           1  httpserver.o(.bss..L_MergedGlobals)
    LocalTime                                0x20000038   Data           4  main.o(.bss..L_MergedGlobals)
    timingdelay                              0x2000003c   Data           4  main.o(.bss..L_MergedGlobals)
    DHCP_state                               0x20000040   Data           1  netconf.o(.bss..L_MergedGlobals)
    TCPTimer                                 0x20000044   Data           4  netconf.o(.bss..L_MergedGlobals)
    ARPTimer                                 0x20000048   Data           4  netconf.o(.bss..L_MergedGlobals)
    IPaddress                                0x2000004c   Data           4  netconf.o(.bss..L_MergedGlobals)
    DHCPfineTimer                            0x20000050   Data           4  netconf.o(.bss..L_MergedGlobals)
    DHCPcoarseTimer                          0x20000054   Data           4  netconf.o(.bss..L_MergedGlobals)
    netif                                    0x20000058   Data          56  netconf.o(.bss..L_MergedGlobals)
    current_netif                            0x20000098   Data           4  ip.o(.bss..L_MergedGlobals)
    current_header                           0x2000009c   Data           4  ip.o(.bss..L_MergedGlobals)
    netif_list                               0x200000b0   Data           4  netif.o(.bss..L_MergedGlobals)
    netif_default                            0x200000b4   Data           4  netif.o(.bss..L_MergedGlobals)
    tcp_bound_pcbs                           0x200000b8   Data           4  tcp.o(.bss..L_MergedGlobals)
    tcp_tmp_pcb                              0x200000bc   Data           4  tcp.o(.bss..L_MergedGlobals)
    tcp_listen_pcbs                          0x200000c0   Data           4  tcp.o(.bss..L_MergedGlobals)
    tcp_active_pcbs                          0x200000c4   Data           4  tcp.o(.bss..L_MergedGlobals)
    tcp_tw_pcbs                              0x200000c8   Data           4  tcp.o(.bss..L_MergedGlobals)
    tcp_ticks                                0x200000cc   Data           4  tcp.o(.bss..L_MergedGlobals)
    tcp_input_pcb                            0x200000ec   Data           4  tcp_in.o(.bss..L_MergedGlobals)
    DMARxDescToGet                           0x200000fc   Data           4  stm32f4x7_eth.o(.bss..L_MergedGlobals)
    DMA_RX_FRAME_infos                       0x20000100   Data           4  stm32f4x7_eth.o(.bss..L_MergedGlobals)
    RX_Frame_Descriptor                      0x20000104   Data          12  stm32f4x7_eth.o(.bss..L_MergedGlobals)
    DMARxDscrTab                             0x20000110   Data         160  stm32f4x7_eth.o(.bss.DMARxDscrTab)
    DMATxDescToSet                           0x200001b0   Data           4  stm32f4x7_eth.o(.bss.DMATxDescToSet)
    DMATxDscrTab                             0x200001b4   Data         160  stm32f4x7_eth.o(.bss.DMATxDscrTab)
    EthInitStatus                            0x20000254   Data           4  stm32f4x7_eth_bsp.o(.bss.EthInitStatus)
    EthLinkStatus                            0x20000258   Data           1  stm32f4x7_eth_bsp.o(.bss.EthLinkStatus)
    Rx_Buff                                  0x2000025c   Data        7620  stm32f4x7_eth.o(.bss.Rx_Buff)
    Tx_Buff                                  0x20002020   Data        7620  stm32f4x7_eth.o(.bss.Tx_Buff)
    udp_pcbs                                 0x20007d40   Data           4  udp.o(.bss.udp_pcbs)
    __initial_sp                             0x20008148   Data           0  startup_stm32f4xx.o(STACK)



==============================================================================

Memory Map of the image

  Image Entry point : 0x08000189

  Load Region LR_IROM1 (Base: 0x08000000, Size: 0x00006b68, Max: 0x00080000, ABSOLUTE)

    Execution Region ER_IROM1 (Exec base: 0x08000000, Load base: 0x08000000, Size: 0x00006b54, Max: 0x00080000, ABSOLUTE)

    Exec Addr    Load Addr    Size         Type   Attr      Idx    E Section Name        Object

    0x08000000   0x08000000   0x00000188   Data   RO           17    RESET               startup_stm32f4xx.o
    0x08000188   0x08000188   0x00000000   Code   RO         1223  * .ARM.Collect$$$$00000000  mc_w.l(entry.o)
    0x08000188   0x08000188   0x00000004   Code   RO         1499    .ARM.Collect$$$$00000001  mc_w.l(entry2.o)
    0x0800018c   0x0800018c   0x00000004   Code   RO         1502    .ARM.Collect$$$$00000004  mc_w.l(entry5.o)
    0x08000190   0x08000190   0x00000000   Code   RO         1504    .ARM.Collect$$$$00000008  mc_w.l(entry7b.o)
    0x08000190   0x08000190   0x00000000   Code   RO         1506    .ARM.Collect$$$$0000000A  mc_w.l(entry8b.o)
    0x08000190   0x08000190   0x00000008   Code   RO         1507    .ARM.Collect$$$$0000000B  mc_w.l(entry9a.o)
    0x08000198   0x08000198   0x00000000   Code   RO         1509    .ARM.Collect$$$$0000000D  mc_w.l(entry10a.o)
    0x08000198   0x08000198   0x00000000   Code   RO         1511    .ARM.Collect$$$$0000000F  mc_w.l(entry11a.o)
    0x08000198   0x08000198   0x00000004   Code   RO         1500    .ARM.Collect$$$$00002712  mc_w.l(entry2.o)
    0x0800019c   0x0800019c   0x00000024   Code   RO           18    .text               startup_stm32f4xx.o
    0x080001c0   0x080001c0   0x00000024   Code   RO         1226    .text               mc_w.l(memcpya.o)
    0x080001e4   0x080001e4   0x00000024   Code   RO         1228    .text               mc_w.l(memseta.o)
    0x08000208   0x08000208   0x0000001c   Code   RO         1230    .text               mc_w.l(strcmp.o)
    0x08000224   0x08000224   0x0000001a   Code   RO         1232    .text               mc_w.l(memcmp.o)
    0x0800023e   0x0800023e   0x0000001e   Code   RO         1234    .text               mc_w.l(strncmp.o)
    0x0800025c   0x0800025c   0x00000024   Code   RO         1542    .text               mc_w.l(init.o)
    0x08000280   0x08000280   0x000001b8   Code   RO          148    .text.ETH_BSP_Config  stm32f4x7_eth_bsp.o
    0x08000438   0x08000438   0x0000006c   Code   RO         1085    .text.ETH_CheckFrameReceived  stm32f4x7_eth.o
    0x080004a4   0x080004a4   0x00000058   Code   RO         1083    .text.ETH_DMARxDescChainInit  stm32f4x7_eth.o
    0x080004fc   0x080004fc   0x00000040   Code   RO         1087    .text.ETH_DMATxDescChainInit  stm32f4x7_eth.o
    0x0800053c   0x0800053c   0x00000008   Code   RO         1099    .text.ETH_DMATxDescChecksumInsertionConfig  stm32f4x7_eth.o
    0x08000544   0x08000544   0x0000001a   Code   RO         1031    .text.ETH_DeInit    stm32f4x7_eth.o
    0x0800055e   0x0800055e   0x0000001a   Code   RO         1039    .text.ETH_Delay     stm32f4x7_eth.o
    0x08000578   0x08000578   0x00000008   Code   RO         1127    .text.ETH_GetSoftwareResetStatus  stm32f4x7_eth.o
    0x08000580   0x08000580   0x00000020   Code   RO         1077    .text.ETH_Get_Received_Frame  stm32f4x7_eth.o
    0x080005a0   0x080005a0   0x0000023c   Code   RO         1035    .text.ETH_Init      stm32f4x7_eth.o
    0x080007dc   0x080007dc   0x00000014   Code   RO         1067    .text.ETH_MACAddressConfig  stm32f4x7_eth.o
    0x080007f0   0x080007f0   0x000000b4   Code   RO         1081    .text.ETH_Prepare_Transmit_Descriptors  stm32f4x7_eth.o
    0x080008a4   0x080008a4   0x00000044   Code   RO         1041    .text.ETH_ReadPHYRegister  stm32f4x7_eth.o
    0x080008e8   0x080008e8   0x0000000c   Code   RO         1125    .text.ETH_SoftwareReset  stm32f4x7_eth.o
    0x080008f4   0x080008f4   0x00000038   Code   RO         1043    .text.ETH_Start     stm32f4x7_eth.o
    0x0800092c   0x0800092c   0x00000084   Code   RO         1033    .text.ETH_StructInit  stm32f4x7_eth.o
    0x080009b0   0x080009b0   0x00000048   Code   RO         1037    .text.ETH_WritePHYRegister  stm32f4x7_eth.o
    0x080009f8   0x080009f8   0x00000020   Code   RO          116    .text.EXTI15_10_IRQHandler  main.o
    0x08000a18   0x08000a18   0x0000000c   Code   RO          922    .text.EXTI_ClearITPendingBit  stm32f4xx_exti.o
    0x08000a24   0x08000a24   0x00000018   Code   RO          920    .text.EXTI_GetITStatus  stm32f4xx_exti.o
    0x08000a3c   0x08000a3c   0x00000060   Code   RO          910    .text.EXTI_Init     stm32f4xx_exti.o
    0x08000a9c   0x08000a9c   0x0000006c   Code   RO          152    .text.Eth_Link_EXTIConfig  stm32f4x7_eth_bsp.o
    0x08000b08   0x08000b08   0x0000001c   Code   RO          154    .text.Eth_Link_ITHandler  stm32f4x7_eth_bsp.o
    0x08000b24   0x08000b24   0x00000038   Code   RO          150    .text.Eth_Link_PHYITConfig  stm32f4x7_eth_bsp.o
    0x08000b5c   0x08000b5c   0x00000058   Code   RO          809    .text.FLASH_EraseSector  stm32f4xx_flash.o
    0x08000bb4   0x08000bb4   0x00000034   Code   RO          851    .text.FLASH_GetStatus  stm32f4xx_flash.o
    0x08000be8   0x08000be8   0x0000004c   Code   RO           49    .text.FLASH_If_Erase  flash_if.o
    0x08000c34   0x08000c34   0x00000004   Code   RO           47    .text.FLASH_If_Init  flash_if.o
    0x08000c38   0x08000c38   0x00000044   Code   RO           51    .text.FLASH_If_Write  flash_if.o
    0x08000c7c   0x08000c7c   0x00000028   Code   RO          817    .text.FLASH_ProgramWord  stm32f4xx_flash.o
    0x08000ca4   0x08000ca4   0x00000024   Code   RO          805    .text.FLASH_Unlock  stm32f4xx_flash.o
    0x08000cc8   0x08000cc8   0x0000001e   Code   RO          811    .text.FLASH_WaitForLastOperation  stm32f4xx_flash.o
    0x08000ce6   0x08000ce6   0x00000082   Code   RO          873    .text.GPIO_Init     stm32f4xx_gpio.o
    0x08000d68   0x08000d68   0x00000028   Code   RO          897    .text.GPIO_PinAFConfig  stm32f4xx_gpio.o
    0x08000d90   0x08000d90   0x00000080   Code   RO           77    .text.IAP_HTTP_writedata  httpserver.o
    0x08000e10   0x08000e10   0x00000028   Code   RO           61    .text.IAP_httpd_init  httpserver.o
    0x08000e38   0x08000e38   0x00000028   Code   RO           29    .text.IAP_tftp_cleanup_wr  tftpserver.o
    0x08000e60   0x08000e60   0x00000006   Code   RO           35    .text.IAP_tftp_extract_block  tftpserver.o
    0x08000e66   0x08000e66   0x00000002   PAD
    0x08000e68   0x08000e68   0x000000a0   Code   RO           27    .text.IAP_tftp_recv_callback  tftpserver.o
    0x08000f08   0x08000f08   0x00000044   Code   RO           33    .text.IAP_tftp_send_ack_packet  tftpserver.o
    0x08000f4c   0x08000f4c   0x00000034   Code   RO           25    .text.IAP_tftpd_init  tftpserver.o
    0x08000f80   0x08000f80   0x000000bc   Code   RO           31    .text.IAP_wrq_recv_callback  tftpserver.o
    0x0800103c   0x0800103c   0x0000006c   Code   RO          136    .text.LwIP_DHCP_Process_Handle  netconf.o
    0x080010a8   0x080010a8   0x00000048   Code   RO          130    .text.LwIP_Init     netconf.o
    0x080010f0   0x080010f0   0x0000006c   Code   RO          134    .text.LwIP_Periodic_Handle  netconf.o
    0x0800115c   0x0800115c   0x0000000c   Code   RO          132    .text.LwIP_Pkt_Handle  netconf.o
    0x08001168   0x08001168   0x00000050   Code   RO          777    .text.NVIC_Init     misc.o
    0x080011b8   0x080011b8   0x00000010   Code   RO          775    .text.NVIC_PriorityGroupConfig  misc.o
    0x080011c8   0x080011c8   0x00000020   Code   RO           81    .text.NVIC_SystemReset  httpserver.o
    0x080011e8   0x080011e8   0x0000000e   Code   RO           83    .text.OUTLINED_FUNCTION_0  httpserver.o
    0x080011f6   0x080011f6   0x0000000a   Code   RO          138    .text.OUTLINED_FUNCTION_0  netconf.o
    0x08001200   0x08001200   0x00000008   Code   RO          156    .text.OUTLINED_FUNCTION_0  stm32f4x7_eth_bsp.o
    0x08001208   0x08001208   0x0000000a   Code   RO          277    .text.OUTLINED_FUNCTION_0  ip.o
    0x08001212   0x08001212   0x0000001a   Code   RO          379    .text.OUTLINED_FUNCTION_0  dhcp.o
    0x0800122c   0x0800122c   0x0000000e   Code   RO          610    .text.OUTLINED_FUNCTION_0  tcp.o
    0x0800123a   0x0800123a   0x00000012   Code   RO          636    .text.OUTLINED_FUNCTION_0  tcp_in.o
    0x0800124c   0x0800124c   0x00000006   Code   RO          681    .text.OUTLINED_FUNCTION_0  tcp_out.o
    0x08001252   0x08001252   0x00000008   Code   RO          725    .text.OUTLINED_FUNCTION_0  etharp.o
    0x0800125a   0x0800125a   0x0000000c   Code   RO          853    .text.OUTLINED_FUNCTION_0  stm32f4xx_flash.o
    0x08001266   0x08001266   0x0000000a   Code   RO         1199    .text.OUTLINED_FUNCTION_0  stm32f4x7_eth.o
    0x08001270   0x08001270   0x00000008   Code   RO           85    .text.OUTLINED_FUNCTION_1  httpserver.o
    0x08001278   0x08001278   0x00000020   Code   RO          381    .text.OUTLINED_FUNCTION_1  dhcp.o
    0x08001298   0x08001298   0x0000000c   Code   RO          612    .text.OUTLINED_FUNCTION_1  tcp.o
    0x080012a4   0x080012a4   0x00000006   Code   RO          638    .text.OUTLINED_FUNCTION_1  tcp_in.o
    0x080012aa   0x080012aa   0x00000006   Code   RO          683    .text.OUTLINED_FUNCTION_1  tcp_out.o
    0x080012b0   0x080012b0   0x00000008   Code   RO          727    .text.OUTLINED_FUNCTION_1  etharp.o
    0x080012b8   0x080012b8   0x0000000c   Code   RO          855    .text.OUTLINED_FUNCTION_1  stm32f4xx_flash.o
    0x080012c4   0x080012c4   0x0000000c   Code   RO          399    .text.OUTLINED_FUNCTION_10  dhcp.o
    0x080012d0   0x080012d0   0x00000006   Code   RO          401    .text.OUTLINED_FUNCTION_11  dhcp.o
    0x080012d6   0x080012d6   0x00000006   Code   RO          403    .text.OUTLINED_FUNCTION_12  dhcp.o
    0x080012dc   0x080012dc   0x0000000e   Code   RO          405    .text.OUTLINED_FUNCTION_13  dhcp.o
    0x080012ea   0x080012ea   0x00000006   Code   RO           87    .text.OUTLINED_FUNCTION_2  httpserver.o
    0x080012f0   0x080012f0   0x00000020   Code   RO          383    .text.OUTLINED_FUNCTION_2  dhcp.o
    0x08001310   0x08001310   0x0000000a   Code   RO          640    .text.OUTLINED_FUNCTION_2  tcp_in.o
    0x0800131a   0x0800131a   0x0000000a   Code   RO          685    .text.OUTLINED_FUNCTION_2  tcp_out.o
    0x08001324   0x08001324   0x00000008   Code   RO          857    .text.OUTLINED_FUNCTION_2  stm32f4xx_flash.o
    0x0800132c   0x0800132c   0x0000000e   Code   RO         1203    .text.OUTLINED_FUNCTION_2  stm32f4x7_eth.o
    0x0800133a   0x0800133a   0x0000001a   Code   RO          385    .text.OUTLINED_FUNCTION_3  dhcp.o
    0x08001354   0x08001354   0x00000010   Code   RO          642    .text.OUTLINED_FUNCTION_3  tcp_in.o
    0x08001364   0x08001364   0x0000000e   Code   RO          687    .text.OUTLINED_FUNCTION_3  tcp_out.o
    0x08001372   0x08001372   0x0000000a   Code   RO          859    .text.OUTLINED_FUNCTION_3  stm32f4xx_flash.o
    0x0800137c   0x0800137c   0x00000012   Code   RO         1205    .text.OUTLINED_FUNCTION_3  stm32f4x7_eth.o
    0x0800138e   0x0800138e   0x0000001c   Code   RO          387    .text.OUTLINED_FUNCTION_4  dhcp.o
    0x080013aa   0x080013aa   0x00000006   Code   RO          644    .text.OUTLINED_FUNCTION_4  tcp_in.o
    0x080013b0   0x080013b0   0x0000000a   Code   RO          689    .text.OUTLINED_FUNCTION_4  tcp_out.o
    0x080013ba   0x080013ba   0x00000006   Code   RO          861    .text.OUTLINED_FUNCTION_4  stm32f4xx_flash.o
    0x080013c0   0x080013c0   0x00000008   Code   RO         1207    .text.OUTLINED_FUNCTION_4  stm32f4x7_eth.o
    0x080013c8   0x080013c8   0x0000001a   Code   RO          389    .text.OUTLINED_FUNCTION_5  dhcp.o
    0x080013e2   0x080013e2   0x0000000a   Code   RO          646    .text.OUTLINED_FUNCTION_5  tcp_in.o
    0x080013ec   0x080013ec   0x00000008   Code   RO          391    .text.OUTLINED_FUNCTION_6  dhcp.o
    0x080013f4   0x080013f4   0x00000008   Code   RO          393    .text.OUTLINED_FUNCTION_7  dhcp.o
    0x080013fc   0x080013fc   0x00000012   Code   RO          395    .text.OUTLINED_FUNCTION_8  dhcp.o
    0x0800140e   0x0800140e   0x00000010   Code   RO          397    .text.OUTLINED_FUNCTION_9  dhcp.o
    0x0800141e   0x0800141e   0x00000002   PAD
    0x08001420   0x08001420   0x00000018   Code   RO          982    .text.RCC_AHB1PeriphClockCmd  stm32f4xx_rcc.o
    0x08001438   0x08001438   0x00000018   Code   RO          992    .text.RCC_AHB1PeriphResetCmd  stm32f4xx_rcc.o
    0x08001450   0x08001450   0x00000018   Code   RO          990    .text.RCC_APB2PeriphClockCmd  stm32f4xx_rcc.o
    0x08001468   0x08001468   0x00000084   Code   RO          972    .text.RCC_GetClocksFreq  stm32f4xx_rcc.o
    0x080014ec   0x080014ec   0x0000000c   Code   RO          761    .text.SYSCFG_ETH_MediaInterfaceConfig  stm32f4xx_syscfg.o
    0x080014f8   0x080014f8   0x00000028   Code   RO          759    .text.SYSCFG_EXTILineConfig  stm32f4xx_syscfg.o
    0x08001520   0x08001520   0x00000018   Code   RO          783    .text.SysTick_CLKSourceConfig  misc.o
    0x08001538   0x08001538   0x00000010   Code   RO          114    .text.SysTick_Handler  main.o
    0x08001548   0x08001548   0x000000e8   Code   RO            2    .text.SystemInit    system_stm32f4xx.o
    0x08001630   0x08001630   0x00000028   Code   RO          202    .text.autoip_arp_announce  autoip.o
    0x08001658   0x08001658   0x00000072   Code   RO          204    .text.autoip_arp_reply  autoip.o
    0x080016ca   0x080016ca   0x00000002   PAD
    0x080016cc   0x080016cc   0x0000008c   Code   RO          192    .text.autoip_start  autoip.o
    0x08001758   0x08001758   0x00000042   Code   RO          194    .text.autoip_start_probing  autoip.o
    0x0800179a   0x0800179a   0x0000002c   Code   RO           79    .text.close_conn    httpserver.o
    0x080017c6   0x080017c6   0x00000004   Code   RO           67    .text.conn_err      httpserver.o
    0x080017ca   0x080017ca   0x00000002   PAD
    0x080017cc   0x080017cc   0x00000070   Code   RO          357    .text.dhcp_arp_reply  dhcp.o
    0x0800183c   0x0800183c   0x000000a8   Code   RO          367    .text.dhcp_bind     dhcp.o
    0x080018e4   0x080018e4   0x00000024   Code   RO          365    .text.dhcp_check    dhcp.o
    0x08001908   0x08001908   0x00000054   Code   RO          329    .text.dhcp_coarse_tmr  dhcp.o
    0x0800195c   0x0800195c   0x000000e0   Code   RO          343    .text.dhcp_create_request  dhcp.o
    0x08001a3c   0x08001a3c   0x00000018   Code   RO          351    .text.dhcp_delete_request  dhcp.o
    0x08001a54   0x08001a54   0x000000ac   Code   RO          337    .text.dhcp_discover  dhcp.o
    0x08001b00   0x08001b00   0x0000009c   Code   RO          331    .text.dhcp_fine_tmr  dhcp.o
    0x08001b9c   0x08001b9c   0x00000020   Code   RO          375    .text.dhcp_free_reply  dhcp.o
    0x08001bbc   0x08001bbc   0x00000006   Code   RO          377    .text.dhcp_get_option_long  dhcp.o
    0x08001bc2   0x08001bc2   0x00000080   Code   RO          373    .text.dhcp_get_option_ptr  dhcp.o
    0x08001c42   0x08001c42   0x00000020   Code   RO          345    .text.dhcp_option   dhcp.o
    0x08001c62   0x08001c62   0x00000024   Code   RO          371    .text.dhcp_option_long  dhcp.o
    0x08001c86   0x08001c86   0x00000004   Code   RO          347    .text.dhcp_option_short  dhcp.o
    0x08001c8a   0x08001c8a   0x0000002e   Code   RO          349    .text.dhcp_option_trailer  dhcp.o
    0x08001cb8   0x08001cb8   0x00000048   Code   RO          369    .text.dhcp_rebind   dhcp.o
    0x08001d00   0x08001d00   0x00000080   Code   RO          355    .text.dhcp_reboot   dhcp.o
    0x08001d80   0x08001d80   0x00000264   Code   RO          335    .text.dhcp_recv     dhcp.o
    0x08001fe4   0x08001fe4   0x000000ac   Code   RO          361    .text.dhcp_release  dhcp.o
    0x08002090   0x08002090   0x00000070   Code   RO          359    .text.dhcp_renew    dhcp.o
    0x08002100   0x08002100   0x000000c8   Code   RO          363    .text.dhcp_select   dhcp.o
    0x080021c8   0x080021c8   0x000000a0   Code   RO          333    .text.dhcp_start    dhcp.o
    0x08002268   0x08002268   0x0000002c   Code   RO          339    .text.dhcp_stop     dhcp.o
    0x08002294   0x08002294   0x00000118   Code   RO          711    .text.etharp_arp_input  etharp.o
    0x080023ac   0x080023ac   0x00000024   Code   RO          707    .text.etharp_ip_input  etharp.o
    0x080023d0   0x080023d0   0x0000009c   Code   RO          713    .text.etharp_output  etharp.o
    0x0800246c   0x0800246c   0x0000010c   Code   RO          715    .text.etharp_query  etharp.o
    0x08002578   0x08002578   0x000000b8   Code   RO          721    .text.etharp_raw    etharp.o
    0x08002630   0x08002630   0x00000028   Code   RO          719    .text.etharp_request  etharp.o
    0x08002658   0x08002658   0x00000036   Code   RO          717    .text.etharp_send_ip  etharp.o
    0x0800268e   0x0800268e   0x00000002   PAD
    0x08002690   0x08002690   0x0000003c   Code   RO          699    .text.etharp_tmr    etharp.o
    0x080026cc   0x080026cc   0x00000052   Code   RO          723    .text.ethernet_input  etharp.o
    0x0800271e   0x0800271e   0x00000002   PAD
    0x08002720   0x08002720   0x00000088   Code   RO          743    .text.ethernetif_init  ethernetif.o
    0x080027a8   0x080027a8   0x0000009c   Code   RO          741    .text.ethernetif_input  ethernetif.o
    0x08002844   0x08002844   0x00000120   Code   RO          705    .text.find_entry    etharp.o
    0x08002964   0x08002964   0x0000001c   Code   RO          701    .text.free_etharp_q  etharp.o
    0x08002980   0x08002980   0x00000028   Code   RO           71    .text.fs_open       httpserver.o
    0x080029a8   0x080029a8   0x00000004   Code   RO          234    .text.htonl         inet.o
    0x080029ac   0x080029ac   0x00000004   Code   RO          238    .text.htons         inet.o
    0x080029b0   0x080029b0   0x00000048   Code   RO           63    .text.http_accept   httpserver.o
    0x080029f8   0x080029f8   0x0000001a   Code   RO           69    .text.http_poll     httpserver.o
    0x08002a12   0x08002a12   0x00000002   PAD
    0x08002a14   0x08002a14   0x00000440   Code   RO           65    .text.http_recv     httpserver.o
    0x08002e54   0x08002e54   0x0000002c   Code   RO           75    .text.http_sent     httpserver.o
    0x08002e80   0x08002e80   0x00000008   Code   RO          216    .text.icmp_dest_unreach  icmp.o
    0x08002e88   0x08002e88   0x00000118   Code   RO          214    .text.icmp_input    icmp.o
    0x08002fa0   0x08002fa0   0x00000068   Code   RO          218    .text.icmp_send_response  icmp.o
    0x08003008   0x08003008   0x00000008   Code   RO          220    .text.icmp_time_exceeded  icmp.o
    0x08003010   0x08003010   0x0000000e   Code   RO          257    .text.inet_chksum   inet_chksum.o
    0x0800301e   0x0800301e   0x0000003c   Code   RO          259    .text.inet_chksum_pbuf  inet_chksum.o
    0x0800305a   0x0800305a   0x0000002e   Code   RO          289    .text.ip_addr_isbroadcast  ip_addr.o
    0x08003088   0x08003088   0x00000128   Code   RO          178    .text.ip_frag       ip_frag.o
    0x080031b0   0x080031b0   0x0000017c   Code   RO          271    .text.ip_input      ip.o
    0x0800332c   0x0800332c   0x00000030   Code   RO          275    .text.ip_output     ip.o
    0x0800335c   0x0800335c   0x000000c4   Code   RO          273    .text.ip_output_if  ip.o
    0x08003420   0x08003420   0x00000264   Code   RO          172    .text.ip_reass      ip_frag.o
    0x08003684   0x08003684   0x0000001c   Code   RO          176    .text.ip_reass_dequeue_datagram  ip_frag.o
    0x080036a0   0x080036a0   0x00000070   Code   RO          170    .text.ip_reass_free_complete_datagram  ip_frag.o
    0x08003710   0x08003710   0x0000006c   Code   RO          174    .text.ip_reass_remove_oldest_datagram  ip_frag.o
    0x0800377c   0x0800377c   0x00000044   Code   RO          269    .text.ip_route      ip.o
    0x080037c0   0x080037c0   0x00000030   Code   RO          745    .text.low_level_output  ethernetif.o
    0x080037f0   0x080037f0   0x0000003a   Code   RO          255    .text.lwip_standard_chksum  inet_chksum.o
    0x0800382a   0x0800382a   0x00000002   PAD
    0x0800382c   0x0800382c   0x00000028   Code   RO          110    .text.main          main.o
    0x08003854   0x08003854   0x00000078   Code   RO          426    .text.mem_free      mem.o
    0x080038cc   0x080038cc   0x00000034   Code   RO          424    .text.mem_init      mem.o
    0x08003900   0x08003900   0x000000ac   Code   RO          430    .text.mem_malloc    mem.o
    0x080039ac   0x080039ac   0x000000c4   Code   RO          428    .text.mem_realloc   mem.o
    0x08003a70   0x08003a70   0x00000010   Code   RO          448    .text.memp_free     memp.o
    0x08003a80   0x08003a80   0x00000050   Code   RO          444    .text.memp_init     memp.o
    0x08003ad0   0x08003ad0   0x00000020   Code   RO          446    .text.memp_malloc   memp.o
    0x08003af0   0x08003af0   0x00000044   Code   RO          462    .text.netif_add     netif.o
    0x08003b34   0x08003b34   0x0000000a   Code   RO          482    .text.netif_is_up   netif.o
    0x08003b3e   0x08003b3e   0x00000022   Code   RO          464    .text.netif_set_addr  netif.o
    0x08003b60   0x08003b60   0x0000000c   Code   RO          474    .text.netif_set_default  netif.o
    0x08003b6c   0x08003b6c   0x00000012   Code   RO          480    .text.netif_set_down  netif.o
    0x08003b7e   0x08003b7e   0x0000000c   Code   RO          470    .text.netif_set_gw  netif.o
    0x08003b8a   0x08003b8a   0x00000002   PAD
    0x08003b8c   0x08003b8c   0x0000005c   Code   RO          466    .text.netif_set_ipaddr  netif.o
    0x08003be8   0x08003be8   0x0000000c   Code   RO          468    .text.netif_set_netmask  netif.o
    0x08003bf4   0x08003bf4   0x0000001c   Code   RO          478    .text.netif_set_up  netif.o
    0x08003c10   0x08003c10   0x00000004   Code   RO          242    .text.ntohl         inet.o
    0x08003c14   0x08003c14   0x00000004   Code   RO          240    .text.ntohs         inet.o
    0x08003c18   0x08003c18   0x000000f8   Code   RO          493    .text.pbuf_alloc    pbuf.o
    0x08003d10   0x08003d10   0x00000026   Code   RO          505    .text.pbuf_cat      pbuf.o
    0x08003d36   0x08003d36   0x00000012   Code   RO          507    .text.pbuf_chain    pbuf.o
    0x08003d48   0x08003d48   0x0000000e   Code   RO          501    .text.pbuf_clen     pbuf.o
    0x08003d56   0x08003d56   0x000000be   Code   RO          511    .text.pbuf_copy     pbuf.o
    0x08003e14   0x08003e14   0x0000005e   Code   RO          513    .text.pbuf_copy_partial  pbuf.o
    0x08003e72   0x08003e72   0x00000044   Code   RO          495    .text.pbuf_free     pbuf.o
    0x08003eb6   0x08003eb6   0x00000060   Code   RO          499    .text.pbuf_header   pbuf.o
    0x08003f16   0x08003f16   0x0000004c   Code   RO          497    .text.pbuf_realloc  pbuf.o
    0x08003f62   0x08003f62   0x0000000a   Code   RO          503    .text.pbuf_ref      pbuf.o
    0x08003f6c   0x08003f6c   0x00000068   Code   RO          527    .text.raw_input     raw.o
    0x08003fd4   0x08003fd4   0x00000030   Code   RO           73    .text.send_data     httpserver.o
    0x08004004   0x08004004   0x00000088   Code   RO          562    .text.tcp_abandon   tcp.o
    0x0800408c   0x0800408c   0x00000004   Code   RO          604    .text.tcp_accept    tcp.o
    0x08004090   0x08004090   0x00000006   Code   RO          572    .text.tcp_accept_null  tcp.o
    0x08004096   0x08004096   0x00000002   PAD
    0x08004098   0x08004098   0x00000100   Code   RO          592    .text.tcp_alloc     tcp.o
    0x08004198   0x08004198   0x00000004   Code   RO          596    .text.tcp_arg       tcp.o
    0x0800419c   0x0800419c   0x000000b4   Code   RO          566    .text.tcp_bind      tcp.o
    0x08004250   0x08004250   0x0000009c   Code   RO          558    .text.tcp_close     tcp.o
    0x080042ec   0x080042ec   0x0000001e   Code   RO          582    .text.tcp_eff_send_mss  tcp.o
    0x0800430a   0x0800430a   0x00000002   PAD
    0x0800430c   0x0800430c   0x00000370   Code   RO          659    .text.tcp_enqueue   tcp_out.o
    0x0800467c   0x0800467c   0x00000006   Code   RO          602    .text.tcp_err       tcp.o
    0x08004682   0x08004682   0x00000002   PAD
    0x08004684   0x08004684   0x00000050   Code   RO          554    .text.tcp_fasttmr   tcp.o
    0x080046d4   0x080046d4   0x000006e4   Code   RO          630    .text.tcp_input     tcp_in.o
    0x08004db8   0x08004db8   0x0000003a   Code   RO          677    .text.tcp_keepalive  tcp_out.o
    0x08004df2   0x08004df2   0x00000002   PAD
    0x08004df4   0x08004df4   0x00000078   Code   RO          570    .text.tcp_listen_with_backlog  tcp.o
    0x08004e6c   0x08004e6c   0x00000006   Code   RO          594    .text.tcp_new       tcp.o
    0x08004e72   0x08004e72   0x00000002   PAD
    0x08004e74   0x08004e74   0x00000058   Code   RO          568    .text.tcp_new_port  tcp.o
    0x08004ecc   0x08004ecc   0x00000238   Code   RO          667    .text.tcp_output    tcp_out.o
    0x08005104   0x08005104   0x00000060   Code   RO          665    .text.tcp_output_set_header  tcp_out.o
    0x08005164   0x08005164   0x00000078   Code   RO          632    .text.tcp_parseopt  tcp_in.o
    0x080051dc   0x080051dc   0x0000003a   Code   RO          584    .text.tcp_pcb_purge  tcp.o
    0x08005216   0x08005216   0x00000002   PAD
    0x08005218   0x08005218   0x00000054   Code   RO          560    .text.tcp_pcb_remove  tcp.o
    0x0800526c   0x0800526c   0x0000000a   Code   RO          606    .text.tcp_poll      tcp.o
    0x08005276   0x08005276   0x00000002   PAD
    0x08005278   0x08005278   0x000003ec   Code   RO          634    .text.tcp_receive   tcp_in.o
    0x08005664   0x08005664   0x00000006   Code   RO          598    .text.tcp_recv      tcp.o
    0x0800566a   0x0800566a   0x00000028   Code   RO          586    .text.tcp_recv_null  tcp.o
    0x08005692   0x08005692   0x0000003c   Code   RO          576    .text.tcp_recved    tcp.o
    0x080056ce   0x080056ce   0x0000004e   Code   RO          673    .text.tcp_rexmit    tcp_out.o
    0x0800571c   0x0800571c   0x00000052   Code   RO          675    .text.tcp_rexmit_fast  tcp_out.o
    0x0800576e   0x0800576e   0x0000002a   Code   RO          671    .text.tcp_rexmit_rto  tcp_out.o
    0x08005798   0x08005798   0x00000094   Code   RO          669    .text.tcp_rst       tcp_out.o
    0x0800582c   0x0800582c   0x00000024   Code   RO          588    .text.tcp_seg_free  tcp.o
    0x08005850   0x08005850   0x00000016   Code   RO          564    .text.tcp_segs_free  tcp.o
    0x08005866   0x08005866   0x00000016   Code   RO          657    .text.tcp_send_ctrl  tcp_out.o
    0x0800587c   0x0800587c   0x00000040   Code   RO          663    .text.tcp_send_empty_ack  tcp_out.o
    0x080058bc   0x080058bc   0x00000006   Code   RO          600    .text.tcp_sent      tcp.o
    0x080058c2   0x080058c2   0x00000002   PAD
    0x080058c4   0x080058c4   0x0000027c   Code   RO          556    .text.tcp_slowtmr   tcp.o
    0x08005b40   0x08005b40   0x00000020   Code   RO          552    .text.tcp_tmr       tcp.o
    0x08005b60   0x08005b60   0x00000034   Code   RO          574    .text.tcp_update_rcv_ann_wnd  tcp.o
    0x08005b94   0x08005b94   0x0000002a   Code   RO          661    .text.tcp_write     tcp_out.o
    0x08005bbe   0x08005bbe   0x0000008c   Code   RO          679    .text.tcp_zero_window_probe  tcp_out.o
    0x08005c4a   0x08005c4a   0x00000002   PAD
    0x08005c4c   0x08005c4c   0x00000064   Code   RO          308    .text.udp_bind      udp.o
    0x08005cb0   0x08005cb0   0x0000004c   Code   RO          310    .text.udp_connect   udp.o
    0x08005cfc   0x08005cfc   0x00000018   Code   RO          312    .text.udp_disconnect  udp.o
    0x08005d14   0x08005d14   0x00000168   Code   RO          300    .text.udp_input     udp.o
    0x08005e7c   0x08005e7c   0x0000001c   Code   RO          318    .text.udp_new       udp.o
    0x08005e98   0x08005e98   0x00000006   Code   RO          314    .text.udp_recv      udp.o
    0x08005e9e   0x08005e9e   0x00000002   PAD
    0x08005ea0   0x08005ea0   0x0000002c   Code   RO          316    .text.udp_remove    udp.o
    0x08005ecc   0x08005ecc   0x00000028   Code   RO          304    .text.udp_sendto    udp.o
    0x08005ef4   0x08005ef4   0x000000ae   Code   RO          306    .text.udp_sendto_if  udp.o
    0x08005fa2   0x08005fa2   0x00000002   PAD
    0x08005fa4   0x08005fa4   0x000000a4   Code   RO          709    .text.update_arp_entry  etharp.o
    0x08006048   0x08006048   0x00000028   Code   RO         1307    i.__0sprintf$2      mc_w.l(printf2.o)
    0x08006070   0x08006070   0x0000000e   Code   RO         1556    i.__scatterload_copy  mc_w.l(handlers.o)
    0x0800607e   0x0800607e   0x00000002   Code   RO         1557    i.__scatterload_null  mc_w.l(handlers.o)
    0x08006080   0x08006080   0x0000000e   Code   RO         1558    i.__scatterload_zeroinit  mc_w.l(handlers.o)
    0x0800608e   0x0800608e   0x000000d6   Code   RO         1312    i._printf_core      mc_w.l(printf2.o)
    0x08006164   0x08006164   0x0000000a   Code   RO         1314    i._sputc            mc_w.l(printf2.o)
    0x0800616e   0x0800616e   0x00000010   Data   RO         1022    .rodata.APBAHBPrescTable  stm32f4xx_rcc.o
    0x0800617e   0x0800617e   0x00000011   Data   RO          100    .rodata.Content_Length  httpserver.o
    0x0800618f   0x0800618f   0x00000296   Data   RO           89    .rodata.data_index_html  httpserver.o
    0x08006425   0x08006425   0x0000019b   Data   RO           91    .rodata.data_reset_html  httpserver.o
    0x080065c0   0x080065c0   0x0000027a   Data   RO           93    .rodata.data_upload_html  httpserver.o
    0x0800683a   0x0800683a   0x0000023b   Data   RO           95    .rodata.data_uploaddone_html  httpserver.o
    0x08006a75   0x08006a75   0x00000006   Data   RO          729    .rodata.ethbroadcast  etharp.o
    0x08006a7b   0x08006a7b   0x00000006   Data   RO          730    .rodata.ethzero     etharp.o
    0x08006a81   0x08006a81   0x00000003   PAD
    0x08006a84   0x08006a84   0x00000010   Data   RO           90    .rodata.file_index_html  httpserver.o
    0x08006a94   0x08006a94   0x00000010   Data   RO           92    .rodata.file_reset_html  httpserver.o
    0x08006aa4   0x08006aa4   0x00000010   Data   RO           94    .rodata.file_upload_html  httpserver.o
    0x08006ab4   0x08006ab4   0x00000010   Data   RO           96    .rodata.file_uploaddone_html  httpserver.o
    0x08006ac4   0x08006ac4   0x00000004   Data   RO           99    .rodata.http_crnl_2  httpserver.o
    0x08006ac8   0x08006ac8   0x00000004   Data   RO          291    .rodata.ip_addr_any  ip_addr.o
    0x08006acc   0x08006acc   0x00000004   Data   RO          292    .rodata.ip_addr_broadcast  ip_addr.o
    0x08006ad0   0x08006ad0   0x00000012   Data   RO          452    .rodata.memp_num    memp.o
    0x08006ae2   0x08006ae2   0x00000012   Data   RO          453    .rodata.memp_sizes  memp.o
    0x08006af4   0x08006af4   0x0000000e   Data   RO           98    .rodata.octet_stream  httpserver.o
    0x08006b02   0x08006b02   0x0000001e   Data   RO           97    .rodata.str1.1      httpserver.o
    0x08006b20   0x08006b20   0x0000000d   Data   RO          616    .rodata.tcp_backoff  tcp.o
    0x08006b2d   0x08006b2d   0x00000007   Data   RO          617    .rodata.tcp_persist_backoff  tcp.o
    0x08006b34   0x08006b34   0x00000020   Data   RO         1555    Region$$Table       anon$$obj.o


    Execution Region RW_IRAM1 (Exec base: 0x20000000, Load base: 0x08006b58, Size: 0x00008148, Max: 0x00020000, ABSOLUTE)

    Exec Addr    Load Addr    Size         Type   Attr      Idx    E Section Name        Object

    0x20000000   0x08006b58   0x00000004   Data   RW          407    .data.dhcp_create_request.xid  dhcp.o
    0x20000004   0x08006b5c   0x00000002   Data   RW          620    .data.tcp_new_port.port  tcp.o
    0x20000006   0x08006b5e   0x00000002   PAD
    0x20000008   0x08006b60   0x00000004   Data   RW          619    .data.tcp_next_iss.iss  tcp.o
    0x2000000c   0x08006b64   0x00000004   PAD
    0x20000010        -       0x00000008   Zero   RW           38    .bss..L_MergedGlobals  tftpserver.o
    0x20000018        -       0x00000020   Zero   RW          101    .bss..L_MergedGlobals  httpserver.o
    0x20000038        -       0x00000008   Zero   RW          121    .bss..L_MergedGlobals  main.o
    0x20000040        -       0x00000050   Zero   RW          140    .bss..L_MergedGlobals  netconf.o
    0x20000090        -       0x00000008   Zero   RW          181    .bss..L_MergedGlobals  ip_frag.o
    0x20000098        -       0x00000008   Zero   RW          280    .bss..L_MergedGlobals  ip.o
    0x200000a0        -       0x0000000c   Zero   RW          435    .bss..L_MergedGlobals  mem.o
    0x200000ac        -       0x0000000c   Zero   RW          484    .bss..L_MergedGlobals  netif.o
    0x200000b8        -       0x00000018   Zero   RW          621    .bss..L_MergedGlobals  tcp.o
    0x200000d0        -       0x0000002c   Zero   RW          648    .bss..L_MergedGlobals  tcp_in.o
    0x200000fc        -       0x00000014   Zero   RW         1215    .bss..L_MergedGlobals  stm32f4x7_eth.o
    0x20000110        -       0x000000a0   Zero   RW         1210    .bss.DMARxDscrTab   stm32f4x7_eth.o
    0x200001b0        -       0x00000004   Zero   RW         1209    .bss.DMATxDescToSet  stm32f4x7_eth.o
    0x200001b4        -       0x000000a0   Zero   RW         1211    .bss.DMATxDscrTab   stm32f4x7_eth.o
    0x20000254        -       0x00000004   Zero   RW          158    .bss.EthInitStatus  stm32f4x7_eth_bsp.o
    0x20000258        -       0x00000001   Zero   RW          159    .bss.EthLinkStatus  stm32f4x7_eth_bsp.o
    0x20000259   0x08006b64   0x00000003   PAD
    0x2000025c        -       0x00001dc4   Zero   RW         1212    .bss.Rx_Buff        stm32f4x7_eth.o
    0x20002020        -       0x00001dc4   Zero   RW         1213    .bss.Tx_Buff        stm32f4x7_eth.o
    0x20003de4        -       0x00000004   Zero   RW           37    .bss.UDPpcb         tftpserver.o
    0x20003de8        -       0x000000c8   Zero   RW          731    .bss.arp_table      etharp.o
    0x20003eb0        -       0x000005e0   Zero   RW          180    .bss.buf            ip_frag.o
    0x20004490        -       0x00000001   Zero   RW          732    .bss.etharp_cached_entry  etharp.o
    0x20004491   0x08006b64   0x00000001   PAD
    0x20004492        -       0x00000002   Zero   RW          279    .bss.ip_output_if.ip_id  ip.o
    0x20004494        -       0x0000286b   Zero   RW          450    .bss.memp_memory    memp.o
    0x20006cff   0x08006b64   0x00000001   PAD
    0x20006d00        -       0x00000024   Zero   RW          451    .bss.memp_tab       memp.o
    0x20006d24        -       0x00001014   Zero   RW          434    .bss.ram_heap       mem.o
    0x20007d38        -       0x00000004   Zero   RW          543    .bss.raw_pcbs       raw.o
    0x20007d3c        -       0x00000001   Zero   RW          618    .bss.tcp_timer      tcp.o
    0x20007d3d   0x08006b64   0x00000003   PAD
    0x20007d40        -       0x00000004   Zero   RW          320    .bss.udp_pcbs       udp.o
    0x20007d44   0x08006b64   0x00000004   PAD
    0x20007d48        -       0x00000400   Zero   RW           15    STACK               startup_stm32f4xx.o


==============================================================================

Image component sizes


      Code (inc. data)   RO Data    RW Data    ZI Data      Debug   Object Name

       360         16          0          0          0       4894   autoip.o
      3018         64          0          4          0      16722   dhcp.o
      1656         28         12          0        201      12346   etharp.o
       340         36          0          0          0       6033   ethernetif.o
       148         12          0          0          0       1597   flash_if.o
      1594        224       2407          0         32      10855   httpserver.o
       400          0          0          0          0       4296   icmp.o
        16          0          0          0          0       3413   inet.o
       132          0          0          0          0       2960   inet_chksum.o
       702         20          0          0         10       6185   ip.o
        46          0          8          0          0       1972   ip_addr.o
      1156         12          0          0       1512       8352   ip_frag.o
        88          8          0          0          8       1436   main.o
       540          8          0          0       4128       3459   mem.o
       128         16         36          0      10383       2019   memp.o
       120         12          0          0          0       3445   misc.o
       310         20          0          0         80       4263   netconf.o
       286         12          0          0         12       8177   netif.o
       852          8          0          0          0       7272   pbuf.o
       104          4          0          0          4       5025   raw.o
        36          8        392          0       1024        852   startup_stm32f4xx.o
      1522         88          0          0      15584      22463   stm32f4x7_eth.o
       640         28          0          0          5       7396   stm32f4x7_eth_bsp.o
       132          8          0          0          0       3056   stm32f4xx_exti.o
       294         20          0          0          0       7555   stm32f4xx_flash.o
       170          0          0          0          0       4856   stm32f4xx_gpio.o
       204         28         16          0          0      12020   stm32f4xx_rcc.o
        52          8          0          0          0       2251   stm32f4xx_syscfg.o
       232         24          0          0          0       3228   system_stm32f4xx.o
      2140         72         20          6         25      14144   tcp.o
      2954         40          0          0         44      10363   tcp_in.o
      2266         20          0          0          0      11942   tcp_out.o
       514         24          0          0         12       5715   tftpserver.o
       852          8          0          0          4       8103   udp.o

    ----------------------------------------------------------------------
     24044        876       2926         12      33084     228665   Object Totals
         0          0         32          0          0          0   (incl. Generated)
        40          0          3          2         16          0   (incl. Padding)

    ----------------------------------------------------------------------

      Code (inc. data)   RO Data    RW Data    ZI Data      Debug   Library Member Name

         0          0          0          0          0          0   entry.o
         0          0          0          0          0          0   entry10a.o
         0          0          0          0          0          0   entry11a.o
         8          4          0          0          0          0   entry2.o
         4          0          0          0          0          0   entry5.o
         0          0          0          0          0          0   entry7b.o
         0          0          0          0          0          0   entry8b.o
         8          4          0          0          0          0   entry9a.o
        30          0          0          0          0          0   handlers.o
        36          8          0          0          0         68   init.o
        26          0          0          0          0         80   memcmp.o
        36          0          0          0          0         68   memcpya.o
        36          0          0          0          0        108   memseta.o
       264          6          0          0          0        244   printf2.o
        28          0          0          0          0         76   strcmp.o
        30          0          0          0          0         80   strncmp.o

    ----------------------------------------------------------------------
       506         22          0          0          0        724   Library Totals
         0          0          0          0          0          0   (incl. Padding)

    ----------------------------------------------------------------------

      Code (inc. data)   RO Data    RW Data    ZI Data      Debug   Library Name

       506         22          0          0          0        724   mc_w.l

    ----------------------------------------------------------------------
       506         22          0          0          0        724   Library Totals

    ----------------------------------------------------------------------

==============================================================================


      Code (inc. data)   RO Data    RW Data    ZI Data      Debug   

     24550        898       2926         12      33084     228641   Grand Totals
     24550        898       2926         12      33084     228641   ELF Image Totals
     24550        898       2926         12          0          0   ROM Totals

==============================================================================

    Total RO  Size (Code + RO Data)                27476 (  26.83kB)
    Total RW  Size (RW Data + ZI Data)             33096 (  32.32kB)
    Total ROM Size (Code + RO Data + RW Data)      27488 (  26.84kB)

==============================================================================

