<html>
<body>
<pre>
<h1>µVision Build Log</h1>
<h2>Tool Versions:</h2>
IDE-Version: µVision V5.35.0.0
Copyright (C) 2021 ARM Ltd and ARM Germany GmbH. All rights reserved.
License Information: Alex Li, 8727, LIC=GMZI6-DNKXF-DY4V3-A6H98-I3FTV-6VM1Q
 
Tool Versions:
Toolchain:       MDK-ARM Plus  Version: 5.35.0.2
Toolchain Path:  C:\Keil_v5\ARM\ARMCLANG\Bin
C Compiler:      ArmClang.exe V6.16
Assembler:       Armasm.exe V6.16
Linker/Locator:  ArmLink.exe V6.16
Library Manager: ArmAr.exe V6.16
Hex Converter:   FromElf.exe V6.16
CPU DLL:         SARMCM3.DLL V5.35.0.2
Dialog DLL:      DCM.DLL V1.17.3.0
Target DLL:      UL2CM3.DLL V1.164.0.0
Dialog DLL:      TCM.DLL V1.53.0.0
 
<h2>Project:</h2>
D:\!STM32\!FreeRTOS\WEB_RELAY\BOOTLOADER\STM32F4x7_ETH_IAP_V1.0.0\Project\MDK-ARM\Project.uvprojx
Project File Date:  12/03/2021

<h2>Output:</h2>
*** Using Compiler 'V6.16', folder: 'C:\Keil_v5\ARM\ARMCLANG\Bin'
Rebuild target 'STM324xG_EVAL'
assembling startup_stm32f4xx.s...
compiling system_stm32f4xx.c...
compiling flash_if.c...
compiling main.c...
compiling stm32f4x7_eth_bsp.c...
compiling tftpserver.c...
compiling netconf.c...
compiling httpserver.c...
compiling icmp.c...
compiling autoip.c...
compiling inet_chksum.c...
compiling inet.c...
compiling ip_frag.c...
compiling ip_addr.c...
compiling ip.c...
compiling udp.c...
compiling init.c...
compiling memp.c...
compiling mem.c...
compiling netif.c...
compiling pbuf.c...
compiling dhcp.c...
compiling raw.c...
compiling ethernetif.c...
compiling stm32f4xx_syscfg.c...
compiling etharp.c...
compiling tcp.c...
compiling tcp_out.c...
compiling misc.c...
compiling tcp_in.c...
compiling stm32f4xx_gpio.c...
compiling stm32f4xx_exti.c...
compiling stm32f4xx_flash.c...
compiling stm32f4xx_rcc.c...
compiling stm32f4x7_eth.c...
linking...
Program Size: Code=24550 RO-data=2926 RW-data=12 ZI-data=33084  
After Build - User command #1: C:\Keil_v5\ARM\ARMCC\bin\fromelf.exe --bin -o "D:\!STM32\!FreeRTOS\WEB_RELAY\BOOTLOADER\STM32F4x7_ETH_IAP_V1.0.0\Project\MDK-ARM\STM324xG_EVAL\STM324xG_EVAL.bin" "D:\!STM32\!FreeRTOS\WEB_RELAY\BOOTLOADER\STM32F4x7_ETH_IAP_V1.0.0\Project\MDK-ARM\STM324xG_EVAL\STM324xG_EVAL.axf
".\STM324xG_EVAL\STM324xG_EVAL.axf" - 0 Error(s), 0 Warning(s).

<h2>Software Packages used:</h2>

Package Vendor: Keil
                http://www.keil.com/pack/Keil.STM32F4xx_DFP.2.15.0.pack
                Keil.STM32F4xx_DFP.2.15.0
                STMicroelectronics STM32F4 Series Device Support, Drivers and Examples

<h2>Collection of Component include folders:</h2>
  C:\Users\user\AppData\Local\Arm\Packs\Keil\STM32F4xx_DFP\2.15.0\Drivers\CMSIS\Device\ST\STM32F4xx\Include

<h2>Collection of Component Files used:</h2>
Build Time Elapsed:  00:00:06
</pre>
</body>
</html>
